Archive member included to satisfy reference by file (symbol)

/usr/local/arm/gcc-arm-10.3-2021.07-x86_64-arm-none-eabi/bin/../lib/gcc/arm-none-eabi/10.3.1/thumb/v7e-m+fp/hard/libgcc.a(_arm_muldf3.o)
                              CMakeFiles/OLED_IIC.elf.dir/UserApp/OLED/OLED.c.obj (__aeabi_dmul)
/usr/local/arm/gcc-arm-10.3-2021.07-x86_64-arm-none-eabi/bin/../lib/gcc/arm-none-eabi/10.3.1/thumb/v7e-m+fp/hard/libgcc.a(_arm_addsubdf3.o)
                              CMakeFiles/OLED_IIC.elf.dir/UserApp/OLED/OLED.c.obj (__aeabi_dsub)
/usr/local/arm/gcc-arm-10.3-2021.07-x86_64-arm-none-eabi/bin/../lib/gcc/arm-none-eabi/10.3.1/thumb/v7e-m+fp/hard/libgcc.a(_arm_muldivdf3.o)
                              CMakeFiles/OLED_IIC.elf.dir/UserApp/OLED/OLED.c.obj (__aeabi_ddiv)
/usr/local/arm/gcc-arm-10.3-2021.07-x86_64-arm-none-eabi/bin/../lib/gcc/arm-none-eabi/10.3.1/thumb/v7e-m+fp/hard/libgcc.a(_arm_fixdfsi.o)
                              CMakeFiles/OLED_IIC.elf.dir/UserApp/OLED/OLED.c.obj (__aeabi_d2iz)
/usr/local/arm/gcc-arm-10.3-2021.07-x86_64-arm-none-eabi/bin/../lib/gcc/arm-none-eabi/10.3.1/thumb/v7e-m+fp/hard/libgcc.a(_arm_truncdfsf2.o)
                              CMakeFiles/OLED_IIC.elf.dir/UserApp/OLED/OLED.c.obj (__aeabi_d2f)
/usr/local/arm/gcc-arm-10.3-2021.07-x86_64-arm-none-eabi/bin/../lib/gcc/arm-none-eabi/10.3.1/thumb/v7e-m+fp/hard/libgcc.a(_aeabi_uldivmod.o)
                              CMakeFiles/OLED_IIC.elf.dir/Drivers/STM32H7xx_HAL_Driver/Src/stm32h7xx_hal_uart.c.obj (__aeabi_uldivmod)
/usr/local/arm/gcc-arm-10.3-2021.07-x86_64-arm-none-eabi/bin/../lib/gcc/arm-none-eabi/10.3.1/thumb/v7e-m+fp/hard/libgcc.a(_udivmoddi4.o)
                              /usr/local/arm/gcc-arm-10.3-2021.07-x86_64-arm-none-eabi/bin/../lib/gcc/arm-none-eabi/10.3.1/thumb/v7e-m+fp/hard/libgcc.a(_aeabi_uldivmod.o) (__udivmoddi4)
/usr/local/arm/gcc-arm-10.3-2021.07-x86_64-arm-none-eabi/bin/../lib/gcc/arm-none-eabi/10.3.1/thumb/v7e-m+fp/hard/libgcc.a(_dvmd_tls.o)
                              /usr/local/arm/gcc-arm-10.3-2021.07-x86_64-arm-none-eabi/bin/../lib/gcc/arm-none-eabi/10.3.1/thumb/v7e-m+fp/hard/libgcc.a(_aeabi_uldivmod.o) (__aeabi_ldiv0)
/usr/local/arm/gcc-arm-10.3-2021.07-x86_64-arm-none-eabi/bin/../lib/gcc/arm-none-eabi/10.3.1/../../../../arm-none-eabi/lib/thumb/v7e-m+fp/hard/libg.a(lib_a-atexit.o)
                              /usr/local/arm/gcc-arm-10.3-2021.07-x86_64-arm-none-eabi/bin/../lib/gcc/arm-none-eabi/10.3.1/../../../../arm-none-eabi/lib/thumb/v7e-m+fp/hard/crt0.o (atexit)
/usr/local/arm/gcc-arm-10.3-2021.07-x86_64-arm-none-eabi/bin/../lib/gcc/arm-none-eabi/10.3.1/../../../../arm-none-eabi/lib/thumb/v7e-m+fp/hard/libg.a(lib_a-atof.o)
                              CMakeFiles/OLED_IIC.elf.dir/UserApp/retarget/retarget.c.obj (atof)
/usr/local/arm/gcc-arm-10.3-2021.07-x86_64-arm-none-eabi/bin/../lib/gcc/arm-none-eabi/10.3.1/../../../../arm-none-eabi/lib/thumb/v7e-m+fp/hard/libg.a(lib_a-errno.o)
                              CMakeFiles/OLED_IIC.elf.dir/Core/Src/syscalls.c.obj (__errno)
/usr/local/arm/gcc-arm-10.3-2021.07-x86_64-arm-none-eabi/bin/../lib/gcc/arm-none-eabi/10.3.1/../../../../arm-none-eabi/lib/thumb/v7e-m+fp/hard/libg.a(lib_a-exit.o)
                              /usr/local/arm/gcc-arm-10.3-2021.07-x86_64-arm-none-eabi/bin/../lib/gcc/arm-none-eabi/10.3.1/../../../../arm-none-eabi/lib/thumb/v7e-m+fp/hard/crt0.o (exit)
/usr/local/arm/gcc-arm-10.3-2021.07-x86_64-arm-none-eabi/bin/../lib/gcc/arm-none-eabi/10.3.1/../../../../arm-none-eabi/lib/thumb/v7e-m+fp/hard/libg.a(lib_a-fini.o)
                              /usr/local/arm/gcc-arm-10.3-2021.07-x86_64-arm-none-eabi/bin/../lib/gcc/arm-none-eabi/10.3.1/../../../../arm-none-eabi/lib/thumb/v7e-m+fp/hard/crt0.o (__libc_fini_array)
/usr/local/arm/gcc-arm-10.3-2021.07-x86_64-arm-none-eabi/bin/../lib/gcc/arm-none-eabi/10.3.1/../../../../arm-none-eabi/lib/thumb/v7e-m+fp/hard/libg.a(lib_a-impure.o)
                              /usr/local/arm/gcc-arm-10.3-2021.07-x86_64-arm-none-eabi/bin/../lib/gcc/arm-none-eabi/10.3.1/../../../../arm-none-eabi/lib/thumb/v7e-m+fp/hard/libg.a(lib_a-exit.o) (_global_impure_ptr)
/usr/local/arm/gcc-arm-10.3-2021.07-x86_64-arm-none-eabi/bin/../lib/gcc/arm-none-eabi/10.3.1/../../../../arm-none-eabi/lib/thumb/v7e-m+fp/hard/libg.a(lib_a-init.o)
                              /usr/local/arm/gcc-arm-10.3-2021.07-x86_64-arm-none-eabi/bin/../lib/gcc/arm-none-eabi/10.3.1/../../../../arm-none-eabi/lib/thumb/v7e-m+fp/hard/crt0.o (__libc_init_array)
/usr/local/arm/gcc-arm-10.3-2021.07-x86_64-arm-none-eabi/bin/../lib/gcc/arm-none-eabi/10.3.1/../../../../arm-none-eabi/lib/thumb/v7e-m+fp/hard/libg.a(lib_a-memset.o)
                              /usr/local/arm/gcc-arm-10.3-2021.07-x86_64-arm-none-eabi/bin/../lib/gcc/arm-none-eabi/10.3.1/../../../../arm-none-eabi/lib/thumb/v7e-m+fp/hard/crt0.o (memset)
[...]
Memory Configuration

Name             Origin             Length             Attributes
FLASH            0x0000000008000000 0x0000000000200000 xr
DTCMRAM          0x0000000020000000 0x0000000000020000 xrw
RAM_D1           0x0000000024000000 0x0000000000080000 xrw
RAM_D2           0x0000000030000000 0x0000000000048000 xrw
RAM_D3           0x0000000038000000 0x0000000000010000 xrw
ITCMRAM          0x0000000000000000 0x0000000000010000 xrw
*default*        0x0000000000000000 0xffffffffffffffff

Linker script and memory map

LOAD /usr/local/arm/gcc-arm-10.3-2021.07-x86_64-arm-none-eabi/bin/../lib/gcc/arm-none-eabi/10.3.1/thumb/v7e-m+fp/hard/crti.o
LOAD /usr/local/arm/gcc-arm-10.3-2021.07-x86_64-arm-none-eabi/bin/../lib/gcc/arm-none-eabi/10.3.1/thumb/v7e-m+fp/hard/crtbegin.o
LOAD /usr/local/arm/gcc-arm-10.3-2021.07-x86_64-arm-none-eabi/bin/../lib/gcc/arm-none-eabi/10.3.1/../../../../arm-none-eabi/lib/thumb/v7e-m+fp/hard/crt0.o
LOAD CMakeFiles/OLED_IIC.elf.dir/Core/Src/main.c.obj
LOAD CMakeFiles/OLED_IIC.elf.dir/Core/Src/stm32h7xx_hal_msp.c.obj
LOAD CMakeFiles/OLED_IIC.elf.dir/Core/Src/stm32h7xx_it.c.obj
LOAD CMakeFiles/OLED_IIC.elf.dir/Core/Src/syscalls.c.obj
LOAD CMakeFiles/OLED_IIC.elf.dir/Core/Src/sysmem.c.obj
LOAD CMakeFiles/OLED_IIC.elf.dir/Core/Src/system_stm32h7xx.c.obj
LOAD CMakeFiles/OLED_IIC.elf.dir/Core/Startup/startup_stm32h743vitx.s.obj
LOAD CMakeFiles/OLED_IIC.elf.dir/Drivers/STM32H7xx_HAL_Driver/Src/stm32h7xx_hal.c.obj
LOAD CMakeFiles/OLED_IIC.elf.dir/Drivers/STM32H7xx_HAL_Driver/Src/stm32h7xx_hal_cortex.c.obj
LOAD CMakeFiles/OLED_IIC.elf.dir/Drivers/STM32H7xx_HAL_Driver/Src/stm32h7xx_hal_dma.c.obj
LOAD CMakeFiles/OLED_IIC.elf.dir/Drivers/STM32H7xx_HAL_Driver/Src/stm32h7xx_hal_dma_ex.c.obj
LOAD CMakeFiles/OLED_IIC.elf.dir/Drivers/STM32H7xx_HAL_Driver/Src/stm32h7xx_hal_exti.c.obj
LOAD CMakeFiles/OLED_IIC.elf.dir/Drivers/STM32H7xx_HAL_Driver/Src/stm32h7xx_hal_flash.c.obj
LOAD CMakeFiles/OLED_IIC.elf.dir/Drivers/STM32H7xx_HAL_Driver/Src/stm32h7xx_hal_flash_ex.c.obj
LOAD CMakeFiles/OLED_IIC.elf.dir/Drivers/STM32H7xx_HAL_Driver/Src/stm32h7xx_hal_gpio.c.obj
LOAD CMakeFiles/OLED_IIC.elf.dir/Drivers/STM32H7xx_HAL_Driver/Src/stm32h7xx_hal_hsem.c.obj
LOAD CMakeFiles/OLED_IIC.elf.dir/Drivers/STM32H7xx_HAL_Driver/Src/stm32h7xx_hal_i2c.c.obj
LOAD CMakeFiles/OLED_IIC.elf.dir/Drivers/STM32H7xx_HAL_Driver/Src/stm32h7xx_hal_i2c_ex.c.obj
LOAD CMakeFiles/OLED_IIC.elf.dir/Drivers/STM32H7xx_HAL_Driver/Src/stm32h7xx_hal_mdma.c.obj
LOAD CMakeFiles/OLED_IIC.elf.dir/Drivers/STM32H7xx_HAL_Driver/Src/stm32h7xx_hal_pwr.c.obj
LOAD CMakeFiles/OLED_IIC.elf.dir/Drivers/STM32H7xx_HAL_Driver/Src/stm32h7xx_hal_pwr_ex.c.obj
LOAD CMakeFiles/OLED_IIC.elf.dir/Drivers/STM32H7xx_HAL_Driver/Src/stm32h7xx_hal_rcc.c.obj
LOAD CMakeFiles/OLED_IIC.elf.dir/Drivers/STM32H7xx_HAL_Driver/Src/stm32h7xx_hal_rcc_ex.c.obj
LOAD CMakeFiles/OLED_IIC.elf.dir/Drivers/STM32H7xx_HAL_Driver/Src/stm32h7xx_hal_tim.c.obj
LOAD CMakeFiles/OLED_IIC.elf.dir/Drivers/STM32H7xx_HAL_Driver/Src/stm32h7xx_hal_tim_ex.c.obj
LOAD CMakeFiles/OLED_IIC.elf.dir/Drivers/STM32H7xx_HAL_Driver/Src/stm32h7xx_hal_uart.c.obj
LOAD CMakeFiles/OLED_IIC.elf.dir/Drivers/STM32H7xx_HAL_Driver/Src/stm32h7xx_hal_uart_ex.c.obj
LOAD CMakeFiles/OLED_IIC.elf.dir/UserApp/OLED/OLED.c.obj
LOAD CMakeFiles/OLED_IIC.elf.dir/UserApp/retarget/retarget.c.obj
START GROUP
LOAD /usr/local/arm/gcc-arm-10.3-2021.07-x86_64-arm-none-eabi/bin/../lib/gcc/arm-none-eabi/10.3.1/thumb/v7e-m+fp/hard/libgcc.a
LOAD /usr/local/arm/gcc-arm-10.3-2021.07-x86_64-arm-none-eabi/bin/../lib/gcc/arm-none-eabi/10.3.1/../../../../arm-none-eabi/lib/thumb/v7e-m+fp/hard/libg.a
LOAD /usr/local/arm/gcc-arm-10.3-2021.07-x86_64-arm-none-eabi/bin/../lib/gcc/arm-none-eabi/10.3.1/../../../../arm-none-eabi/lib/thumb/v7e-m+fp/hard/libc.a
END GROUP
LOAD /usr/local/arm/gcc-arm-10.3-2021.07-x86_64-arm-none-eabi/bin/../lib/gcc/arm-none-eabi/10.3.1/thumb/v7e-m+fp/hard/crtend.o
LOAD /usr/local/arm/gcc-arm-10.3-2021.07-x86_64-arm-none-eabi/bin/../lib/gcc/arm-none-eabi/10.3.1/thumb/v7e-m+fp/hard/crtn.o
                0x0000000024080000                _estack = (ORIGIN (RAM_D1) + LENGTH (RAM_D1))
                0x0000000000000200                _Min_Heap_Size = 0x200
                0x0000000000000400                _Min_Stack_Size = 0x400

.isr_vector     0x0000000008000000      0x298
                0x0000000008000000                . = ALIGN (0x4)
 *(.isr_vector)
 .isr_vector    0x0000000008000000      0x298 CMakeFiles/OLED_IIC.elf.dir/Core/Startup/startup_stm32h743vitx.s.obj
                0x0000000008000000                g_pfnVectors
                0x0000000008000298                . = ALIGN (0x4)

.text           0x00000000080002c0     0x897c
                0x00000000080002c0                . = ALIGN (0x4)
 *(.text)
 .text          0x00000000080002c0      0x378 /usr/local/arm/gcc-arm-10.3-2021.07-x86_64-arm-none-eabi/bin/../lib/gcc/arm-none-eabi/10.3.1/thumb/v7e-m+fp/hard/libgcc.a(_arm_addsubdf3.o)
                0x00000000080002c0                __aeabi_drsub
                0x00000000080002c8                __aeabi_dsub
                0x00000000080002c8                __subdf3
                0x00000000080002cc                __adddf3
                0x00000000080002cc                __aeabi_dadd
                0x0000000008000544                __aeabi_ui2d
                0x0000000008000544                __floatunsidf
                0x0000000008000564                __floatsidf
                0x0000000008000564                __aeabi_i2d
                0x0000000008000588                __extendsfdf2
                0x0000000008000588                __aeabi_f2d
                0x00000000080005cc                __aeabi_ul2d
                0x00000000080005cc                __floatundidf
                0x00000000080005dc                __floatdidf
                0x00000000080005dc                __aeabi_l2d
 .text          0x0000000008000638      0x424 /usr/local/arm/gcc-arm-10.3-2021.07-x86_64-arm-none-eabi/bin/../lib/gcc/arm-none-eabi/10.3.1/thumb/v7e-m+fp/hard/libgcc.a(_arm_muldivdf3.o)
                0x0000000008000638                __aeabi_dmul
                0x0000000008000638                __muldf3
                0x000000000800088c                __aeabi_ddiv
                0x000000000800088c                __divdf3
 .text          0x0000000008000a5c       0x50 /usr/local/arm/gcc-arm-10.3-2021.07-x86_64-arm-none-eabi/bin/../lib/gcc/arm-none-eabi/10.3.1/thumb/v7e-m+fp/hard/libgcc.a(_arm_fixdfsi.o)
                0x0000000008000a5c                __fixdfsi
                0x0000000008000a5c                __aeabi_d2iz
 .text          0x0000000008000aac       0xa0 /usr/local/arm/gcc-arm-10.3-2021.07-x86_64-arm-none-eabi/bin/../lib/gcc/arm-none-eabi/10.3.1/thumb/v7e-m+fp/hard/libgcc.a(_arm_truncdfsf2.o)
                0x0000000008000aac                __aeabi_d2f
                0x0000000008000aac                __truncdfsf2
 .text          0x0000000008000b4c       0x30 /usr/local/arm/gcc-arm-10.3-2021.07-x86_64-arm-none-eabi/bin/../lib/gcc/arm-none-eabi/10.3.1/thumb/v7e-m+fp/hard/libgcc.a(_aeabi_uldivmod.o)
                0x0000000008000b4c                __aeabi_uldivmod
 .text          0x0000000008000b7c        0x4 /usr/local/arm/gcc-arm-10.3-2021.07-x86_64-arm-none-eabi/bin/../lib/gcc/arm-none-eabi/10.3.1/thumb/v7e-m+fp/hard/libgcc.a(_dvmd_tls.o)
                0x0000000008000b7c                __aeabi_ldiv0
                0x0000000008000b7c                __aeabi_idiv0
 .text          0x0000000008000b80       0xdc /usr/local/arm/gcc-arm-10.3-2021.07-x86_64-arm-none-eabi/bin/../lib/gcc/arm-none-eabi/10.3.1/../../../../arm-none-eabi/lib/thumb/v7e-m+fp/hard/libg.a(lib_a-strlen.o)
                0x0000000008000b80                strlen
 .text          0x0000000008000c5c      0x110 /usr/local/arm/gcc-arm-10.3-2021.07-x86_64-arm-none-eabi/bin/../lib/gcc/arm-none-eabi/10.3.1/thumb/v7e-m+fp/hard/libgcc.a(_arm_cmpdf2.o)
                0x0000000008000c5c                __gtdf2
                0x0000000008000c5c                __gedf2
                0x0000000008000c64                __ltdf2
                0x0000000008000c64                __ledf2
                0x0000000008000c6c                __cmpdf2
                0x0000000008000c6c                __eqdf2
                0x0000000008000c6c                __nedf2
                0x0000000008000ce8                __aeabi_cdrcmple
                0x0000000008000cf8                __aeabi_cdcmple
                0x0000000008000cf8                __aeabi_cdcmpeq
                0x0000000008000d08                __aeabi_dcmpeq
                0x0000000008000d1c                __aeabi_dcmplt
                0x0000000008000d30                __aeabi_dcmple
                0x0000000008000d44                __aeabi_dcmpge
                0x0000000008000d58                __aeabi_dcmpgt
 *(.text*)
 .text.deregister_tm_clones
                0x0000000008000d6c       0x1c /usr/local/arm/gcc-arm-10.3-2021.07-x86_64-arm-none-eabi/bin/../lib/gcc/arm-none-eabi/10.3.1/thumb/v7e-m+fp/hard/crtbegin.o
 .text.register_tm_clones
                0x0000000008000d88       0x24 /usr/local/arm/gcc-arm-10.3-2021.07-x86_64-arm-none-eabi/bin/../lib/gcc/arm-none-eabi/10.3.1/thumb/v7e-m+fp/hard/crtbegin.o
 .text.__do_global_dtors_aux
                0x0000000008000dac       0x28 /usr/local/arm/gcc-arm-10.3-2021.07-x86_64-arm-none-eabi/bin/../lib/gcc/arm-none-eabi/10.3.1/thumb/v7e-m+fp/hard/crtbegin.o
 .text.frame_dummy
                0x0000000008000dd4       0x24 /usr/local/arm/gcc-arm-10.3-2021.07-x86_64-arm-none-eabi/bin/../lib/gcc/arm-none-eabi/10.3.1/thumb/v7e-m+fp/hard/crtbegin.o
 .text.MX_GPIO_Init
                0x0000000008000df8       0xe0 CMakeFiles/OLED_IIC.elf.dir/Core/Src/main.c.obj
 .text.MX_DMA_Init
                0x0000000008000ed8       0x48 CMakeFiles/OLED_IIC.elf.dir/Core/Src/main.c.obj
 .text.Error_Handler
                0x0000000008000f20        0x4 CMakeFiles/OLED_IIC.elf.dir/Core/Src/main.c.obj
                0x0000000008000f20                Error_Handler
 .text.MX_I2C1_Init
                0x0000000008000f24       0x54 CMakeFiles/OLED_IIC.elf.dir/Core/Src/main.c.obj
 .text.MX_USART1_UART_Init
                0x0000000008000f78       0x60 CMakeFiles/OLED_IIC.elf.dir/Core/Src/main.c.obj
 .text.SystemClock_Config
                0x0000000008000fd8       0xc0 CMakeFiles/OLED_IIC.elf.dir/Core/Src/main.c.obj
                0x0000000008000fd8                SystemClock_Config
 .text.main     0x0000000008001098       0x68 CMakeFiles/OLED_IIC.elf.dir/Core/Src/main.c.obj
                0x0000000008001098                main
 .text.HAL_MspInit
                0x0000000008001100       0x24 CMakeFiles/OLED_IIC.elf.dir/Core/Src/stm32h7xx_hal_msp.c.obj
                0x0000000008001100                HAL_MspInit
 .text.HAL_I2C_MspInit
                0x0000000008001124       0xe4 CMakeFiles/OLED_IIC.elf.dir/Core/Src/stm32h7xx_hal_msp.c.obj
                0x0000000008001124                HAL_I2C_MspInit
 .text.HAL_UART_MspInit
                0x0000000008001208       0xd4 CMakeFiles/OLED_IIC.elf.dir/Core/Src/stm32h7xx_hal_msp.c.obj
                0x0000000008001208                HAL_UART_MspInit
 .text.NMI_Handler
                0x00000000080012dc        0x2 CMakeFiles/OLED_IIC.elf.dir/Core/Src/stm32h7xx_it.c.obj
                0x00000000080012dc                NMI_Handler
 .text.HardFault_Handler
                0x00000000080012de        0x2 CMakeFiles/OLED_IIC.elf.dir/Core/Src/stm32h7xx_it.c.obj
                0x00000000080012de                HardFault_Handler
 .text.MemManage_Handler
                0x00000000080012e0        0x2 CMakeFiles/OLED_IIC.elf.dir/Core/Src/stm32h7xx_it.c.obj
                0x00000000080012e0                MemManage_Handler
 .text.BusFault_Handler
                0x00000000080012e2        0x2 CMakeFiles/OLED_IIC.elf.dir/Core/Src/stm32h7xx_it.c.obj
                0x00000000080012e2                BusFault_Handler
 .text.UsageFault_Handler
                0x00000000080012e4        0x2 CMakeFiles/OLED_IIC.elf.dir/Core/Src/stm32h7xx_it.c.obj
                0x00000000080012e4                UsageFault_Handler
 .text.SVC_Handler
                0x00000000080012e6        0x2 CMakeFiles/OLED_IIC.elf.dir/Core/Src/stm32h7xx_it.c.obj
                0x00000000080012e6                SVC_Handler
 .text.DebugMon_Handler
                0x00000000080012e8        0x2 CMakeFiles/OLED_IIC.elf.dir/Core/Src/stm32h7xx_it.c.obj
                0x00000000080012e8                DebugMon_Handler
 .text.PendSV_Handler
                0x00000000080012ea        0x2 CMakeFiles/OLED_IIC.elf.dir/Core/Src/stm32h7xx_it.c.obj
                0x00000000080012ea                PendSV_Handler
 .text.SysTick_Handler
                0x00000000080012ec        0x8 CMakeFiles/OLED_IIC.elf.dir/Core/Src/stm32h7xx_it.c.obj
                0x00000000080012ec                SysTick_Handler
 .text.DMA1_Stream0_IRQHandler
                0x00000000080012f4       0x10 CMakeFiles/OLED_IIC.elf.dir/Core/Src/stm32h7xx_it.c.obj
                0x00000000080012f4                DMA1_Stream0_IRQHandler
 .text.DMA1_Stream1_IRQHandler
                0x0000000008001304       0x10 CMakeFiles/OLED_IIC.elf.dir/Core/Src/stm32h7xx_it.c.obj
                0x0000000008001304                DMA1_Stream1_IRQHandler
 .text.I2C1_EV_IRQHandler
                0x0000000008001314       0x10 CMakeFiles/OLED_IIC.elf.dir/Core/Src/stm32h7xx_it.c.obj
                0x0000000008001314                I2C1_EV_IRQHandler
 .text.SystemInit
                0x0000000008001324       0xcc CMakeFiles/OLED_IIC.elf.dir/Core/Src/system_stm32h7xx.c.obj
                0x0000000008001324                SystemInit
 .text.Reset_Handler
                0x00000000080013f0       0x50 CMakeFiles/OLED_IIC.elf.dir/Core/Startup/startup_stm32h743vitx.s.obj
                0x00000000080013f0                Reset_Handler
 .text.Default_Handler
                0x0000000008001440        0x2 CMakeFiles/OLED_IIC.elf.dir/Core/Startup/startup_stm32h743vitx.s.obj
                0x0000000008001440                RTC_Alarm_IRQHandler
                0x0000000008001440                EXTI2_IRQHandler
                0x0000000008001440                TIM8_CC_IRQHandler
                0x0000000008001440                HRTIM1_Master_IRQHandler
                0x0000000008001440                UART8_IRQHandler
                0x0000000008001440                SPI4_IRQHandler
                0x0000000008001440                TIM1_CC_IRQHandler
                0x0000000008001440                BDMA_Channel6_IRQHandler
                0x0000000008001440                DMA2_Stream5_IRQHandler
                0x0000000008001440                HRTIM1_FLT_IRQHandler
                0x0000000008001440                JPEG_IRQHandler
                0x0000000008001440                DMA1_Stream5_IRQHandler
                0x0000000008001440                BDMA_Channel1_IRQHandler
                0x0000000008001440                HRTIM1_TIMD_IRQHandler
                0x0000000008001440                TAMP_STAMP_IRQHandler
                0x0000000008001440                EXTI3_IRQHandler
                0x0000000008001440                LPTIM4_IRQHandler
                0x0000000008001440                TIM8_TRG_COM_TIM14_IRQHandler
                0x0000000008001440                LPTIM2_IRQHandler
                0x0000000008001440                DFSDM1_FLT1_IRQHandler
                0x0000000008001440                DMAMUX2_OVR_IRQHandler
                0x0000000008001440                TIM8_UP_TIM13_IRQHandler
                0x0000000008001440                I2C3_ER_IRQHandler
                0x0000000008001440                DFSDM1_FLT2_IRQHandler
                0x0000000008001440                MDMA_IRQHandler
                0x0000000008001440                LPTIM3_IRQHandler
                0x0000000008001440                HSEM1_IRQHandler
                0x0000000008001440                EXTI0_IRQHandler
                0x0000000008001440                I2C2_EV_IRQHandler
                0x0000000008001440                DMA1_Stream2_IRQHandler
                0x0000000008001440                FPU_IRQHandler
                0x0000000008001440                OTG_HS_WKUP_IRQHandler
                0x0000000008001440                FDCAN1_IT1_IRQHandler
                0x0000000008001440                LTDC_ER_IRQHandler
                0x0000000008001440                DMA2_Stream2_IRQHandler
                0x0000000008001440                HRTIM1_TIME_IRQHandler
                0x0000000008001440                SPI1_IRQHandler
                0x0000000008001440                TIM6_DAC_IRQHandler
                0x0000000008001440                DCMI_IRQHandler
                0x0000000008001440                HRTIM1_TIMC_IRQHandler
                0x0000000008001440                DMA2_Stream3_IRQHandler
                0x0000000008001440                SAI2_IRQHandler
                0x0000000008001440                DFSDM1_FLT3_IRQHandler
                0x0000000008001440                USART6_IRQHandler
                0x0000000008001440                TIM17_IRQHandler
                0x0000000008001440                USART3_IRQHandler
                0x0000000008001440                BDMA_Channel7_IRQHandler
                0x0000000008001440                LPTIM5_IRQHandler
                0x0000000008001440                UART5_IRQHandler
                0x0000000008001440                ADC3_IRQHandler
                0x0000000008001440                DMA2_Stream0_IRQHandler
                0x0000000008001440                TIM4_IRQHandler
                0x0000000008001440                BDMA_Channel2_IRQHandler
                0x0000000008001440                QUADSPI_IRQHandler
                0x0000000008001440                DMA1_Stream6_IRQHandler
                0x0000000008001440                DMAMUX1_OVR_IRQHandler
                0x0000000008001440                TIM16_IRQHandler
                0x0000000008001440                UART4_IRQHandler
                0x0000000008001440                BDMA_Channel5_IRQHandler
                0x0000000008001440                TIM3_IRQHandler
                0x0000000008001440                RCC_IRQHandler
                0x0000000008001440                TIM8_BRK_TIM12_IRQHandler
                0x0000000008001440                TIM1_TRG_COM_IRQHandler
                0x0000000008001440                Default_Handler
                0x0000000008001440                ECC_IRQHandler
                0x0000000008001440                CEC_IRQHandler
                0x0000000008001440                EXTI15_10_IRQHandler
                0x0000000008001440                BDMA_Channel0_IRQHandler
                0x0000000008001440                ADC_IRQHandler
                0x0000000008001440                DMA1_Stream7_IRQHandler
                0x0000000008001440                HRTIM1_TIMA_IRQHandler
                0x0000000008001440                SPI5_IRQHandler
                0x0000000008001440                TIM7_IRQHandler
                0x0000000008001440                SDMMC1_IRQHandler
                0x0000000008001440                TIM5_IRQHandler
                0x0000000008001440                DMA2_Stream7_IRQHandler
                0x0000000008001440                TIM15_IRQHandler
                0x0000000008001440                PVD_AVD_IRQHandler
                0x0000000008001440                I2C3_EV_IRQHandler
                0x0000000008001440                EXTI9_5_IRQHandler
                0x0000000008001440                RTC_WKUP_IRQHandler
                0x0000000008001440                LTDC_IRQHandler
                0x0000000008001440                SAI3_IRQHandler
                0x0000000008001440                ETH_WKUP_IRQHandler
                0x0000000008001440                SPDIF_RX_IRQHandler
                0x0000000008001440                SPI2_IRQHandler
                0x0000000008001440                OTG_HS_EP1_IN_IRQHandler
                0x0000000008001440                CRS_IRQHandler
                0x0000000008001440                EXTI4_IRQHandler
                0x0000000008001440                RNG_IRQHandler
                0x0000000008001440                HRTIM1_TIMB_IRQHandler
                0x0000000008001440                FDCAN2_IT1_IRQHandler
                0x0000000008001440                ETH_IRQHandler
                0x0000000008001440                TIM1_UP_IRQHandler
                0x0000000008001440                BDMA_Channel4_IRQHandler
                0x0000000008001440                OTG_HS_EP1_OUT_IRQHandler
                0x0000000008001440                WWDG_IRQHandler
                0x0000000008001440                SPI6_IRQHandler
                0x0000000008001440                MDIOS_IRQHandler
                0x0000000008001440                I2C4_EV_IRQHandler
                0x0000000008001440                FDCAN2_IT0_IRQHandler
                0x0000000008001440                LPUART1_IRQHandler
                0x0000000008001440                FDCAN1_IT0_IRQHandler
                0x0000000008001440                TIM2_IRQHandler
                0x0000000008001440                OTG_FS_WKUP_IRQHandler
                0x0000000008001440                OTG_HS_IRQHandler
                0x0000000008001440                DMA2D_IRQHandler
                0x0000000008001440                TIM1_BRK_IRQHandler
                0x0000000008001440                EXTI1_IRQHandler
                0x0000000008001440                SDMMC2_IRQHandler
                0x0000000008001440                OTG_FS_EP1_OUT_IRQHandler
                0x0000000008001440                BDMA_Channel3_IRQHandler
                0x0000000008001440                UART7_IRQHandler
                0x0000000008001440                MDIOS_WKUP_IRQHandler
                0x0000000008001440                USART2_IRQHandler
                0x0000000008001440                DFSDM1_FLT0_IRQHandler
                0x0000000008001440                SAI4_IRQHandler
                0x0000000008001440                I2C2_ER_IRQHandler
                0x0000000008001440                DMA2_Stream1_IRQHandler
                0x0000000008001440                FLASH_IRQHandler
                0x0000000008001440                DMA2_Stream4_IRQHandler
                0x0000000008001440                USART1_IRQHandler
                0x0000000008001440                OTG_FS_IRQHandler
                0x0000000008001440                SPI3_IRQHandler
                0x0000000008001440                WAKEUP_PIN_IRQHandler
                0x0000000008001440                DMA1_Stream4_IRQHandler
                0x0000000008001440                OTG_FS_EP1_IN_IRQHandler
                0x0000000008001440                I2C1_ER_IRQHandler
                0x0000000008001440                FMC_IRQHandler
                0x0000000008001440                FDCAN_CAL_IRQHandler
                0x0000000008001440                SWPMI1_IRQHandler
                0x0000000008001440                COMP1_IRQHandler
                0x0000000008001440                LPTIM1_IRQHandler
                0x0000000008001440                I2C4_ER_IRQHandler
                0x0000000008001440                DMA2_Stream6_IRQHandler
                0x0000000008001440                SAI1_IRQHandler
                0x0000000008001440                DMA1_Stream3_IRQHandler
 *fill*         0x0000000008001442        0x2 
 .text.HAL_InitTick
                0x0000000008001444       0x50 CMakeFiles/OLED_IIC.elf.dir/Drivers/STM32H7xx_HAL_Driver/Src/stm32h7xx_hal.c.obj
                0x0000000008001444                HAL_InitTick
 .text.HAL_Init
                0x0000000008001494       0x5c CMakeFiles/OLED_IIC.elf.dir/Drivers/STM32H7xx_HAL_Driver/Src/stm32h7xx_hal.c.obj
                0x0000000008001494                HAL_Init
 .text.HAL_IncTick
                0x00000000080014f0       0x18 CMakeFiles/OLED_IIC.elf.dir/Drivers/STM32H7xx_HAL_Driver/Src/stm32h7xx_hal.c.obj
                0x00000000080014f0                HAL_IncTick
 .text.HAL_GetTick
                0x0000000008001508        0xc CMakeFiles/OLED_IIC.elf.dir/Drivers/STM32H7xx_HAL_Driver/Src/stm32h7xx_hal.c.obj
                0x0000000008001508                HAL_GetTick
 .text.HAL_Delay
                0x0000000008001514       0x28 CMakeFiles/OLED_IIC.elf.dir/Drivers/STM32H7xx_HAL_Driver/Src/stm32h7xx_hal.c.obj
                0x0000000008001514                HAL_Delay
 .text.HAL_GetREVID
                0x000000000800153c        0xc CMakeFiles/OLED_IIC.elf.dir/Drivers/STM32H7xx_HAL_Driver/Src/stm32h7xx_hal.c.obj
                0x000000000800153c                HAL_GetREVID
 .text.HAL_NVIC_SetPriorityGrouping
                0x0000000008001548       0x24 CMakeFiles/OLED_IIC.elf.dir/Drivers/STM32H7xx_HAL_Driver/Src/stm32h7xx_hal_cortex.c.obj
                0x0000000008001548                HAL_NVIC_SetPriorityGrouping
 .text.HAL_NVIC_SetPriority
                0x000000000800156c       0x6c CMakeFiles/OLED_IIC.elf.dir/Drivers/STM32H7xx_HAL_Driver/Src/stm32h7xx_hal_cortex.c.obj
                0x000000000800156c                HAL_NVIC_SetPriority
 .text.HAL_NVIC_EnableIRQ
                0x00000000080015d8       0x1c CMakeFiles/OLED_IIC.elf.dir/Drivers/STM32H7xx_HAL_Driver/Src/stm32h7xx_hal_cortex.c.obj
                0x00000000080015d8                HAL_NVIC_EnableIRQ
 .text.HAL_SYSTICK_Config
                0x00000000080015f4       0x28 CMakeFiles/OLED_IIC.elf.dir/Drivers/STM32H7xx_HAL_Driver/Src/stm32h7xx_hal_cortex.c.obj
                0x00000000080015f4                HAL_SYSTICK_Config
 .text.DMA_SetConfig
                0x000000000800161c      0x1b4 CMakeFiles/OLED_IIC.elf.dir/Drivers/STM32H7xx_HAL_Driver/Src/stm32h7xx_hal_dma.c.obj
 .text.DMA_CalcBaseAndBitshift
                0x00000000080017d0       0xb4 CMakeFiles/OLED_IIC.elf.dir/Drivers/STM32H7xx_HAL_Driver/Src/stm32h7xx_hal_dma.c.obj
 .text.DMA_CheckFifoParam
                0x0000000008001884       0x92 CMakeFiles/OLED_IIC.elf.dir/Drivers/STM32H7xx_HAL_Driver/Src/stm32h7xx_hal_dma.c.obj
 *fill*         0x0000000008001916        0x2 
 .text.DMA_CalcDMAMUXChannelBaseAndMask
                0x0000000008001918       0xb0 CMakeFiles/OLED_IIC.elf.dir/Drivers/STM32H7xx_HAL_Driver/Src/stm32h7xx_hal_dma.c.obj
 .text.DMA_CalcDMAMUXRequestGenBaseAndMask
                0x00000000080019c8       0x7c CMakeFiles/OLED_IIC.elf.dir/Drivers/STM32H7xx_HAL_Driver/Src/stm32h7xx_hal_dma.c.obj
 .text.HAL_DMA_Init
                0x0000000008001a44      0x3a4 CMakeFiles/OLED_IIC.elf.dir/Drivers/STM32H7xx_HAL_Driver/Src/stm32h7xx_hal_dma.c.obj
                0x0000000008001a44                HAL_DMA_Init
 .text.HAL_DMA_Start_IT
                0x0000000008001de8      0x298 CMakeFiles/OLED_IIC.elf.dir/Drivers/STM32H7xx_HAL_Driver/Src/stm32h7xx_hal_dma.c.obj
                0x0000000008001de8                HAL_DMA_Start_IT
 .text.HAL_DMA_Abort_IT
                0x0000000008002080      0x270 CMakeFiles/OLED_IIC.elf.dir/Drivers/STM32H7xx_HAL_Driver/Src/stm32h7xx_hal_dma.c.obj
                0x0000000008002080                HAL_DMA_Abort_IT
 .text.HAL_DMA_IRQHandler
                0x00000000080022f0      0x738 CMakeFiles/OLED_IIC.elf.dir/Drivers/STM32H7xx_HAL_Driver/Src/stm32h7xx_hal_dma.c.obj
                0x00000000080022f0                HAL_DMA_IRQHandler
 .text.HAL_DMA_GetState
                0x0000000008002a28        0x6 CMakeFiles/OLED_IIC.elf.dir/Drivers/STM32H7xx_HAL_Driver/Src/stm32h7xx_hal_dma.c.obj
                0x0000000008002a28                HAL_DMA_GetState
 .text.HAL_DMA_GetError
                0x0000000008002a2e        0x4 CMakeFiles/OLED_IIC.elf.dir/Drivers/STM32H7xx_HAL_Driver/Src/stm32h7xx_hal_dma.c.obj
                0x0000000008002a2e                HAL_DMA_GetError
 *fill*         0x0000000008002a32        0x2 
 .text.HAL_GPIO_Init
                0x0000000008002a34      0x220 CMakeFiles/OLED_IIC.elf.dir/Drivers/STM32H7xx_HAL_Driver/Src/stm32h7xx_hal_gpio.c.obj
                0x0000000008002a34                HAL_GPIO_Init
 .text.HAL_GPIO_WritePin
                0x0000000008002c54        0xc CMakeFiles/OLED_IIC.elf.dir/Drivers/STM32H7xx_HAL_Driver/Src/stm32h7xx_hal_gpio.c.obj
                0x0000000008002c54                HAL_GPIO_WritePin
 .text.HAL_GPIO_TogglePin
                0x0000000008002c60       0x12 CMakeFiles/OLED_IIC.elf.dir/Drivers/STM32H7xx_HAL_Driver/Src/stm32h7xx_hal_gpio.c.obj
                0x0000000008002c60                HAL_GPIO_TogglePin
 .text.I2C_Flush_TXDR
                0x0000000008002c72       0x22 CMakeFiles/OLED_IIC.elf.dir/Drivers/STM32H7xx_HAL_Driver/Src/stm32h7xx_hal_i2c.c.obj
 .text.I2C_TransferConfig
                0x0000000008002c94       0x3c CMakeFiles/OLED_IIC.elf.dir/Drivers/STM32H7xx_HAL_Driver/Src/stm32h7xx_hal_i2c.c.obj
 .text.I2C_Enable_IRQ
                0x0000000008002cd0       0x80 CMakeFiles/OLED_IIC.elf.dir/Drivers/STM32H7xx_HAL_Driver/Src/stm32h7xx_hal_i2c.c.obj
 .text.I2C_Disable_IRQ
                0x0000000008002d50       0x70 CMakeFiles/OLED_IIC.elf.dir/Drivers/STM32H7xx_HAL_Driver/Src/stm32h7xx_hal_i2c.c.obj
 .text.I2C_IsErrorOccurred
                0x0000000008002dc0      0x118 CMakeFiles/OLED_IIC.elf.dir/Drivers/STM32H7xx_HAL_Driver/Src/stm32h7xx_hal_i2c.c.obj
 .text.I2C_WaitOnTXISFlagUntilTimeout
                0x0000000008002ed8       0x60 CMakeFiles/OLED_IIC.elf.dir/Drivers/STM32H7xx_HAL_Driver/Src/stm32h7xx_hal_i2c.c.obj
 .text.I2C_WaitOnFlagUntilTimeout
                0x0000000008002f38       0x6e CMakeFiles/OLED_IIC.elf.dir/Drivers/STM32H7xx_HAL_Driver/Src/stm32h7xx_hal_i2c.c.obj
 *fill*         0x0000000008002fa6        0x2 
 .text.I2C_RequestMemoryWrite
                0x0000000008002fa8       0x7c CMakeFiles/OLED_IIC.elf.dir/Drivers/STM32H7xx_HAL_Driver/Src/stm32h7xx_hal_i2c.c.obj
 .text.I2C_WaitOnSTOPFlagUntilTimeout
                0x0000000008003024       0x5e CMakeFiles/OLED_IIC.elf.dir/Drivers/STM32H7xx_HAL_Driver/Src/stm32h7xx_hal_i2c.c.obj
 *fill*         0x0000000008003082        0x2 
 .text.HAL_I2C_Init
                0x0000000008003084       0xbc CMakeFiles/OLED_IIC.elf.dir/Drivers/STM32H7xx_HAL_Driver/Src/stm32h7xx_hal_i2c.c.obj
                0x0000000008003084                HAL_I2C_Init
 .text.HAL_I2C_Master_Transmit_DMA
                0x0000000008003140      0x154 CMakeFiles/OLED_IIC.elf.dir/Drivers/STM32H7xx_HAL_Driver/Src/stm32h7xx_hal_i2c.c.obj
                0x0000000008003140                HAL_I2C_Master_Transmit_DMA
 .text.HAL_I2C_Mem_Write
                0x0000000008003294      0x1aa CMakeFiles/OLED_IIC.elf.dir/Drivers/STM32H7xx_HAL_Driver/Src/stm32h7xx_hal_i2c.c.obj
                0x0000000008003294                HAL_I2C_Mem_Write
 *fill*         0x000000000800343e        0x2 
 .text.HAL_I2C_Mem_Write_DMA
                0x0000000008003440      0x134 CMakeFiles/OLED_IIC.elf.dir/Drivers/STM32H7xx_HAL_Driver/Src/stm32h7xx_hal_i2c.c.obj
                0x0000000008003440                HAL_I2C_Mem_Write_DMA
 .text.HAL_I2C_EV_IRQHandler
                0x0000000008003574       0x10 CMakeFiles/OLED_IIC.elf.dir/Drivers/STM32H7xx_HAL_Driver/Src/stm32h7xx_hal_i2c.c.obj
                0x0000000008003574                HAL_I2C_EV_IRQHandler
 .text.HAL_I2C_MasterRxCpltCallback
                0x0000000008003584        0x2 CMakeFiles/OLED_IIC.elf.dir/Drivers/STM32H7xx_HAL_Driver/Src/stm32h7xx_hal_i2c.c.obj
                0x0000000008003584                HAL_I2C_MasterRxCpltCallback
 .text.I2C_ITMasterSeqCplt
                0x0000000008003586       0x54 CMakeFiles/OLED_IIC.elf.dir/Drivers/STM32H7xx_HAL_Driver/Src/stm32h7xx_hal_i2c.c.obj
 .text.HAL_I2C_SlaveTxCpltCallback
                0x00000000080035da        0x2 CMakeFiles/OLED_IIC.elf.dir/Drivers/STM32H7xx_HAL_Driver/Src/stm32h7xx_hal_i2c.c.obj
                0x00000000080035da                HAL_I2C_SlaveTxCpltCallback
 .text.HAL_I2C_SlaveRxCpltCallback
                0x00000000080035dc        0x2 CMakeFiles/OLED_IIC.elf.dir/Drivers/STM32H7xx_HAL_Driver/Src/stm32h7xx_hal_i2c.c.obj
                0x00000000080035dc                HAL_I2C_SlaveRxCpltCallback
 .text.I2C_ITSlaveSeqCplt
                0x00000000080035de       0x82 CMakeFiles/OLED_IIC.elf.dir/Drivers/STM32H7xx_HAL_Driver/Src/stm32h7xx_hal_i2c.c.obj
 .text.HAL_I2C_AddrCallback
                0x0000000008003660        0x2 CMakeFiles/OLED_IIC.elf.dir/Drivers/STM32H7xx_HAL_Driver/Src/stm32h7xx_hal_i2c.c.obj
                0x0000000008003660                HAL_I2C_AddrCallback
 .text.I2C_ITAddrCplt
                0x0000000008003662       0xa0 CMakeFiles/OLED_IIC.elf.dir/Drivers/STM32H7xx_HAL_Driver/Src/stm32h7xx_hal_i2c.c.obj
 .text.HAL_I2C_ListenCpltCallback
                0x0000000008003702        0x2 CMakeFiles/OLED_IIC.elf.dir/Drivers/STM32H7xx_HAL_Driver/Src/stm32h7xx_hal_i2c.c.obj
                0x0000000008003702                HAL_I2C_ListenCpltCallback
 .text.I2C_ITListenCplt
                0x0000000008003704       0x68 CMakeFiles/OLED_IIC.elf.dir/Drivers/STM32H7xx_HAL_Driver/Src/stm32h7xx_hal_i2c.c.obj
 .text.HAL_I2C_MemRxCpltCallback
                0x000000000800376c        0x2 CMakeFiles/OLED_IIC.elf.dir/Drivers/STM32H7xx_HAL_Driver/Src/stm32h7xx_hal_i2c.c.obj
                0x000000000800376c                HAL_I2C_MemRxCpltCallback
 .text.HAL_I2C_ErrorCallback
                0x000000000800376e        0x2 CMakeFiles/OLED_IIC.elf.dir/Drivers/STM32H7xx_HAL_Driver/Src/stm32h7xx_hal_i2c.c.obj
                0x000000000800376e                HAL_I2C_ErrorCallback
 .text.HAL_I2C_AbortCpltCallback
                0x0000000008003770        0x2 CMakeFiles/OLED_IIC.elf.dir/Drivers/STM32H7xx_HAL_Driver/Src/stm32h7xx_hal_i2c.c.obj
                0x0000000008003770                HAL_I2C_AbortCpltCallback
 .text.I2C_TreatErrorCallback
                0x0000000008003772       0x2e CMakeFiles/OLED_IIC.elf.dir/Drivers/STM32H7xx_HAL_Driver/Src/stm32h7xx_hal_i2c.c.obj
 .text.I2C_ITError
                0x00000000080037a0      0x130 CMakeFiles/OLED_IIC.elf.dir/Drivers/STM32H7xx_HAL_Driver/Src/stm32h7xx_hal_i2c.c.obj
 .text.I2C_ITSlaveCplt
                0x00000000080038d0      0x244 CMakeFiles/OLED_IIC.elf.dir/Drivers/STM32H7xx_HAL_Driver/Src/stm32h7xx_hal_i2c.c.obj
 .text.I2C_Slave_ISR_IT
                0x0000000008003b14      0x150 CMakeFiles/OLED_IIC.elf.dir/Drivers/STM32H7xx_HAL_Driver/Src/stm32h7xx_hal_i2c.c.obj
 .text.I2C_ITMasterCplt
                0x0000000008003c64      0x12e CMakeFiles/OLED_IIC.elf.dir/Drivers/STM32H7xx_HAL_Driver/Src/stm32h7xx_hal_i2c.c.obj
 .text.I2C_Master_ISR_IT
                0x0000000008003d92      0x180 CMakeFiles/OLED_IIC.elf.dir/Drivers/STM32H7xx_HAL_Driver/Src/stm32h7xx_hal_i2c.c.obj
 *fill*         0x0000000008003f12        0x2 
 .text.I2C_Slave_ISR_DMA
                0x0000000008003f14      0x220 CMakeFiles/OLED_IIC.elf.dir/Drivers/STM32H7xx_HAL_Driver/Src/stm32h7xx_hal_i2c.c.obj
 .text.I2C_Master_ISR_DMA
                0x0000000008004134      0x142 CMakeFiles/OLED_IIC.elf.dir/Drivers/STM32H7xx_HAL_Driver/Src/stm32h7xx_hal_i2c.c.obj
 *fill*         0x0000000008004276        0x2 
 .text.I2C_DMAError
                0x0000000008004278      0x138 CMakeFiles/OLED_IIC.elf.dir/Drivers/STM32H7xx_HAL_Driver/Src/stm32h7xx_hal_i2c.c.obj
 .text.I2C_DMAMasterTransmitCplt
                0x00000000080043b0       0x5a CMakeFiles/OLED_IIC.elf.dir/Drivers/STM32H7xx_HAL_Driver/Src/stm32h7xx_hal_i2c.c.obj
 *fill*         0x000000000800440a        0x2 
 .text.I2C_Mem_ISR_DMA
                0x000000000800440c      0x194 CMakeFiles/OLED_IIC.elf.dir/Drivers/STM32H7xx_HAL_Driver/Src/stm32h7xx_hal_i2c.c.obj
 .text.I2C_DMAAbort
                0x00000000080045a0       0x1a CMakeFiles/OLED_IIC.elf.dir/Drivers/STM32H7xx_HAL_Driver/Src/stm32h7xx_hal_i2c.c.obj
 .text.HAL_I2CEx_ConfigAnalogFilter
                0x00000000080045ba       0x5c CMakeFiles/OLED_IIC.elf.dir/Drivers/STM32H7xx_HAL_Driver/Src/stm32h7xx_hal_i2c_ex.c.obj
                0x00000000080045ba                HAL_I2CEx_ConfigAnalogFilter
 .text.HAL_I2CEx_ConfigDigitalFilter
                0x0000000008004616       0x58 CMakeFiles/OLED_IIC.elf.dir/Drivers/STM32H7xx_HAL_Driver/Src/stm32h7xx_hal_i2c_ex.c.obj
                0x0000000008004616                HAL_I2CEx_ConfigDigitalFilter
 *fill*         0x000000000800466e        0x2 
 .text.HAL_PWREx_ConfigSupply
                0x0000000008004670       0x54 CMakeFiles/OLED_IIC.elf.dir/Drivers/STM32H7xx_HAL_Driver/Src/stm32h7xx_hal_pwr_ex.c.obj
                0x0000000008004670                HAL_PWREx_ConfigSupply
 .text.HAL_RCC_OscConfig
                0x00000000080046c4      0x6b4 CMakeFiles/OLED_IIC.elf.dir/Drivers/STM32H7xx_HAL_Driver/Src/stm32h7xx_hal_rcc.c.obj
                0x00000000080046c4                HAL_RCC_OscConfig
 .text.HAL_RCC_GetSysClockFreq
                0x0000000008004d78      0x1f4 CMakeFiles/OLED_IIC.elf.dir/Drivers/STM32H7xx_HAL_Driver/Src/stm32h7xx_hal_rcc.c.obj
                0x0000000008004d78                HAL_RCC_GetSysClockFreq
 .text.HAL_RCC_ClockConfig
                0x0000000008004f6c      0x294 CMakeFiles/OLED_IIC.elf.dir/Drivers/STM32H7xx_HAL_Driver/Src/stm32h7xx_hal_rcc.c.obj
                0x0000000008004f6c                HAL_RCC_ClockConfig
 .text.HAL_RCC_GetHCLKFreq
                0x0000000008005200       0x44 CMakeFiles/OLED_IIC.elf.dir/Drivers/STM32H7xx_HAL_Driver/Src/stm32h7xx_hal_rcc.c.obj
                0x0000000008005200                HAL_RCC_GetHCLKFreq
 .text.HAL_RCC_GetPCLK1Freq
                0x0000000008005244       0x24 CMakeFiles/OLED_IIC.elf.dir/Drivers/STM32H7xx_HAL_Driver/Src/stm32h7xx_hal_rcc.c.obj
                0x0000000008005244                HAL_RCC_GetPCLK1Freq
 .text.HAL_RCC_GetPCLK2Freq
                0x0000000008005268       0x24 CMakeFiles/OLED_IIC.elf.dir/Drivers/STM32H7xx_HAL_Driver/Src/stm32h7xx_hal_rcc.c.obj
                0x0000000008005268                HAL_RCC_GetPCLK2Freq
 .text.RCCEx_PLL2_Config
                0x000000000800528c      0x10c CMakeFiles/OLED_IIC.elf.dir/Drivers/STM32H7xx_HAL_Driver/Src/stm32h7xx_hal_rcc_ex.c.obj
 .text.RCCEx_PLL3_Config
                0x0000000008005398      0x10c CMakeFiles/OLED_IIC.elf.dir/Drivers/STM32H7xx_HAL_Driver/Src/stm32h7xx_hal_rcc_ex.c.obj
 .text.HAL_RCCEx_PeriphCLKConfig
                0x00000000080054a4      0xa8c CMakeFiles/OLED_IIC.elf.dir/Drivers/STM32H7xx_HAL_Driver/Src/stm32h7xx_hal_rcc_ex.c.obj
                0x00000000080054a4                HAL_RCCEx_PeriphCLKConfig
 .text.HAL_RCCEx_GetD3PCLK1Freq
                0x0000000008005f30       0x24 CMakeFiles/OLED_IIC.elf.dir/Drivers/STM32H7xx_HAL_Driver/Src/stm32h7xx_hal_rcc_ex.c.obj
                0x0000000008005f30                HAL_RCCEx_GetD3PCLK1Freq
 .text.HAL_RCCEx_GetPLL2ClockFreq
                0x0000000008005f54      0x1f8 CMakeFiles/OLED_IIC.elf.dir/Drivers/STM32H7xx_HAL_Driver/Src/stm32h7xx_hal_rcc_ex.c.obj
                0x0000000008005f54                HAL_RCCEx_GetPLL2ClockFreq
 .text.HAL_RCCEx_GetPLL3ClockFreq
                0x000000000800614c      0x1f8 CMakeFiles/OLED_IIC.elf.dir/Drivers/STM32H7xx_HAL_Driver/Src/stm32h7xx_hal_rcc_ex.c.obj
                0x000000000800614c                HAL_RCCEx_GetPLL3ClockFreq
 .text.UART_EndRxTransfer
                0x0000000008006344       0x58 CMakeFiles/OLED_IIC.elf.dir/Drivers/STM32H7xx_HAL_Driver/Src/stm32h7xx_hal_uart.c.obj
 .text.UART_SetConfig
                0x000000000800639c      0x5f4 CMakeFiles/OLED_IIC.elf.dir/Drivers/STM32H7xx_HAL_Driver/Src/stm32h7xx_hal_uart.c.obj
                0x000000000800639c                UART_SetConfig
 .text.UART_AdvFeatureConfig
                0x0000000008006990       0xca CMakeFiles/OLED_IIC.elf.dir/Drivers/STM32H7xx_HAL_Driver/Src/stm32h7xx_hal_uart.c.obj
                0x0000000008006990                UART_AdvFeatureConfig
 .text.UART_WaitOnFlagUntilTimeout
                0x0000000008006a5a       0x9a CMakeFiles/OLED_IIC.elf.dir/Drivers/STM32H7xx_HAL_Driver/Src/stm32h7xx_hal_uart.c.obj
                0x0000000008006a5a                UART_WaitOnFlagUntilTimeout
 .text.UART_CheckIdleState
                0x0000000008006af4       0xca CMakeFiles/OLED_IIC.elf.dir/Drivers/STM32H7xx_HAL_Driver/Src/stm32h7xx_hal_uart.c.obj
                0x0000000008006af4                UART_CheckIdleState
 .text.HAL_UART_Init
                0x0000000008006bbe       0x66 CMakeFiles/OLED_IIC.elf.dir/Drivers/STM32H7xx_HAL_Driver/Src/stm32h7xx_hal_uart.c.obj
                0x0000000008006bbe                HAL_UART_Init
 .text.UARTEx_SetNbDataToProcess
                0x0000000008006c24       0x4c CMakeFiles/OLED_IIC.elf.dir/Drivers/STM32H7xx_HAL_Driver/Src/stm32h7xx_hal_uart_ex.c.obj
 .text.HAL_UARTEx_DisableFifoMode
                0x0000000008006c70       0x3e CMakeFiles/OLED_IIC.elf.dir/Drivers/STM32H7xx_HAL_Driver/Src/stm32h7xx_hal_uart_ex.c.obj
                0x0000000008006c70                HAL_UARTEx_DisableFifoMode
 .text.HAL_UARTEx_SetTxFifoThreshold
                0x0000000008006cae       0x4a CMakeFiles/OLED_IIC.elf.dir/Drivers/STM32H7xx_HAL_Driver/Src/stm32h7xx_hal_uart_ex.c.obj
                0x0000000008006cae                HAL_UARTEx_SetTxFifoThreshold
 .text.HAL_UARTEx_SetRxFifoThreshold
                0x0000000008006cf8       0x4a CMakeFiles/OLED_IIC.elf.dir/Drivers/STM32H7xx_HAL_Driver/Src/stm32h7xx_hal_uart_ex.c.obj
                0x0000000008006cf8                HAL_UARTEx_SetRxFifoThreshold
 *fill*         0x0000000008006d42        0x2 
 .text.HAL_I2C_MasterTxCpltCallback
                0x0000000008006d44       0x40 CMakeFiles/OLED_IIC.elf.dir/UserApp/OLED/OLED.c.obj
                0x0000000008006d44                HAL_I2C_MasterTxCpltCallback
 .text.HAL_I2C_MemTxCpltCallback
                0x0000000008006d84       0x4c CMakeFiles/OLED_IIC.elf.dir/UserApp/OLED/OLED.c.obj
                0x0000000008006d84                HAL_I2C_MemTxCpltCallback
 .text.OLED_operate_gram
                0x0000000008006dd0       0x2c CMakeFiles/OLED_IIC.elf.dir/UserApp/OLED/OLED.c.obj
                0x0000000008006dd0                OLED_operate_gram
 .text.OLED_set_pos
                0x0000000008006dfc       0x20 CMakeFiles/OLED_IIC.elf.dir/UserApp/OLED/OLED.c.obj
                0x0000000008006dfc                OLED_set_pos
 .text.OLED_refresh_gram
                0x0000000008006e1c       0x68 CMakeFiles/OLED_IIC.elf.dir/UserApp/OLED/OLED.c.obj
                0x0000000008006e1c                OLED_refresh_gram
 .text.OLED_draw_point
                0x0000000008006e84       0x68 CMakeFiles/OLED_IIC.elf.dir/UserApp/OLED/OLED.c.obj
                0x0000000008006e84                OLED_draw_point
 .text.OLED_draw_line
                0x0000000008006eec       0xda CMakeFiles/OLED_IIC.elf.dir/UserApp/OLED/OLED.c.obj
                0x0000000008006eec                OLED_draw_line
 *fill*         0x0000000008006fc6        0x2 
 .text.OLED_show_char
                0x0000000008006fc8       0x88 CMakeFiles/OLED_IIC.elf.dir/UserApp/OLED/OLED.c.obj
                0x0000000008006fc8                OLED_show_char
 .text.OLED_show_string
                0x0000000008007050       0x2e CMakeFiles/OLED_IIC.elf.dir/UserApp/OLED/OLED.c.obj
                0x0000000008007050                OLED_show_string
 *fill*         0x000000000800707e        0x2 
 .text.OLED_display_on
                0x0000000008007080       0x3c CMakeFiles/OLED_IIC.elf.dir/UserApp/OLED/OLED.c.obj
                0x0000000008007080                OLED_display_on
 .text.OLED_init
                0x00000000080070bc       0x3c CMakeFiles/OLED_IIC.elf.dir/UserApp/OLED/OLED.c.obj
                0x00000000080070bc                OLED_init
 .text.OLED_display_off
                0x00000000080070f8       0x3c CMakeFiles/OLED_IIC.elf.dir/UserApp/OLED/OLED.c.obj
                0x00000000080070f8                OLED_display_off
 .text.animateLineDemo1
                0x0000000008007134       0x62 CMakeFiles/OLED_IIC.elf.dir/UserApp/OLED/OLED.c.obj
                0x0000000008007134                animateLineDemo1
 *fill*         0x0000000008007196        0x2 
 .text.animatePointDemo2
                0x0000000008007198       0xc8 CMakeFiles/OLED_IIC.elf.dir/UserApp/OLED/OLED.c.obj
                0x0000000008007198                animatePointDemo2
 .text.animatePseudo3DDemo
                0x0000000008007260      0x1bc CMakeFiles/OLED_IIC.elf.dir/UserApp/OLED/OLED.c.obj
                0x0000000008007260                animatePseudo3DDemo
 .text.animateStringDemo
                0x000000000800741c       0x50 CMakeFiles/OLED_IIC.elf.dir/UserApp/OLED/OLED.c.obj
                0x000000000800741c                animateStringDemo
 .text.__udivmoddi4
                0x000000000800746c      0x2d0 /usr/local/arm/gcc-arm-10.3-2021.07-x86_64-arm-none-eabi/bin/../lib/gcc/arm-none-eabi/10.3.1/thumb/v7e-m+fp/hard/libgcc.a(_udivmoddi4.o)
                0x000000000800746c                __udivmoddi4
 .text.__libc_init_array
                0x000000000800773c       0x48 /usr/local/arm/gcc-arm-10.3-2021.07-x86_64-arm-none-eabi/bin/../lib/gcc/arm-none-eabi/10.3.1/../../../../arm-none-eabi/lib/thumb/v7e-m+fp/hard/libg.a(lib_a-init.o)
                0x000000000800773c                __libc_init_array
 .text.memset   0x0000000008007784       0xa4 /usr/local/arm/gcc-arm-10.3-2021.07-x86_64-arm-none-eabi/bin/../lib/gcc/arm-none-eabi/10.3.1/../../../../arm-none-eabi/lib/thumb/v7e-m+fp/hard/libg.a(lib_a-memset.o)
                0x0000000008007784                memset
 .text.cos      0x0000000008007828       0x90 /usr/local/arm/gcc-arm-10.3-2021.07-x86_64-arm-none-eabi/bin/../lib/gcc/arm-none-eabi/10.3.1/../../../../arm-none-eabi/lib/thumb/v7e-m+fp/hard/libm.a(lib_a-s_cos.o)
                0x0000000008007828                cos
 .text.sin      0x00000000080078b8       0x90 /usr/local/arm/gcc-arm-10.3-2021.07-x86_64-arm-none-eabi/bin/../lib/gcc/arm-none-eabi/10.3.1/../../../../arm-none-eabi/lib/thumb/v7e-m+fp/hard/libm.a(lib_a-s_sin.o)
                0x00000000080078b8                sin
 .text.__ieee754_rem_pio2
                0x0000000008007948      0x44c /usr/local/arm/gcc-arm-10.3-2021.07-x86_64-arm-none-eabi/bin/../lib/gcc/arm-none-eabi/10.3.1/../../../../arm-none-eabi/lib/thumb/v7e-m+fp/hard/libm.a(lib_a-e_rem_pio2.o)
                0x0000000008007948                __ieee754_rem_pio2
 *fill*         0x0000000008007d94        0x4 
 .text.__kernel_cos
                0x0000000008007d98      0x27c /usr/local/arm/gcc-arm-10.3-2021.07-x86_64-arm-none-eabi/bin/../lib/gcc/arm-none-eabi/10.3.1/../../../../arm-none-eabi/lib/thumb/v7e-m+fp/hard/libm.a(lib_a-k_cos.o)
                0x0000000008007d98                __kernel_cos
 *fill*         0x0000000008008014        0x4 
 .text.__kernel_rem_pio2
                0x0000000008008018      0x850 /usr/local/arm/gcc-arm-10.3-2021.07-x86_64-arm-none-eabi/bin/../lib/gcc/arm-none-eabi/10.3.1/../../../../arm-none-eabi/lib/thumb/v7e-m+fp/hard/libm.a(lib_a-k_rem_pio2.o)
                0x0000000008008018                __kernel_rem_pio2
 .text.__kernel_sin
                0x0000000008008868      0x17c /usr/local/arm/gcc-arm-10.3-2021.07-x86_64-arm-none-eabi/bin/../lib/gcc/arm-none-eabi/10.3.1/../../../../arm-none-eabi/lib/thumb/v7e-m+fp/hard/libm.a(lib_a-k_sin.o)
                0x0000000008008868                __kernel_sin
 .text.fabs     0x00000000080089e4       0x14 /usr/local/arm/gcc-arm-10.3-2021.07-x86_64-arm-none-eabi/bin/../lib/gcc/arm-none-eabi/10.3.1/../../../../arm-none-eabi/lib/thumb/v7e-m+fp/hard/libm.a(lib_a-s_fabs.o)
                0x00000000080089e4                fabs
 .text.floor    0x00000000080089f8      0x108 /usr/local/arm/gcc-arm-10.3-2021.07-x86_64-arm-none-eabi/bin/../lib/gcc/arm-none-eabi/10.3.1/../../../../arm-none-eabi/lib/thumb/v7e-m+fp/hard/libm.a(lib_a-s_floor.o)
                0x00000000080089f8                floor
 .text.scalbn   0x0000000008008b00      0x124 /usr/local/arm/gcc-arm-10.3-2021.07-x86_64-arm-none-eabi/bin/../lib/gcc/arm-none-eabi/10.3.1/../../../../arm-none-eabi/lib/thumb/v7e-m+fp/hard/libm.a(lib_a-s_scalbn.o)
                0x0000000008008b00                scalbn
 *(.glue_7)
 .glue_7        0x0000000008008c24        0x0 linker stubs
 *(.glue_7t)
 .glue_7t       0x0000000008008c24        0x0 linker stubs
 *(.eh_frame)
 .eh_frame      0x0000000008008c24        0x0 /usr/local/arm/gcc-arm-10.3-2021.07-x86_64-arm-none-eabi/bin/../lib/gcc/arm-none-eabi/10.3.1/thumb/v7e-m+fp/hard/crtbegin.o
 *(.init)
 .init          0x0000000008008c24        0x4 /usr/local/arm/gcc-arm-10.3-2021.07-x86_64-arm-none-eabi/bin/../lib/gcc/arm-none-eabi/10.3.1/thumb/v7e-m+fp/hard/crti.o
                0x0000000008008c24                _init
 .init          0x0000000008008c28        0x8 /usr/local/arm/gcc-arm-10.3-2021.07-x86_64-arm-none-eabi/bin/../lib/gcc/arm-none-eabi/10.3.1/thumb/v7e-m+fp/hard/crtn.o
 *(.fini)
 .fini          0x0000000008008c30        0x4 /usr/local/arm/gcc-arm-10.3-2021.07-x86_64-arm-none-eabi/bin/../lib/gcc/arm-none-eabi/10.3.1/thumb/v7e-m+fp/hard/crti.o
                0x0000000008008c30                _fini
 .fini          0x0000000008008c34        0x8 /usr/local/arm/gcc-arm-10.3-2021.07-x86_64-arm-none-eabi/bin/../lib/gcc/arm-none-eabi/10.3.1/thumb/v7e-m+fp/hard/crtn.o
                0x0000000008008c3c                . = ALIGN (0x4)
                0x0000000008008c3c                _etext = .

.vfp11_veneer   0x0000000008008c3c        0x0
 .vfp11_veneer  0x0000000008008c3c        0x0 linker stubs

.v4_bx          0x0000000008008c3c        0x0
 .v4_bx         0x0000000008008c3c        0x0 linker stubs

.iplt           0x0000000008008c3c        0x0
 .iplt          0x0000000008008c3c        0x0 /usr/local/arm/gcc-arm-10.3-2021.07-x86_64-arm-none-eabi/bin/../lib/gcc/arm-none-eabi/10.3.1/thumb/v7e-m+fp/hard/crtbegin.o

.rodata         0x0000000008008c40      0x6a0
                0x0000000008008c40                . = ALIGN (0x4)
 *(.rodata)
 *(.rodata*)
 .rodata.D1CorePrescTable
                0x0000000008008c40       0x10 CMakeFiles/OLED_IIC.elf.dir/Core/Src/system_stm32h7xx.c.obj
                0x0000000008008c40                D1CorePrescTable
 .rodata.flagBitshiftOffset.0
                0x0000000008008c50        0x8 CMakeFiles/OLED_IIC.elf.dir/Drivers/STM32H7xx_HAL_Driver/Src/stm32h7xx_hal_dma.c.obj
 .rodata.UARTPrescTable
                0x0000000008008c58       0x18 CMakeFiles/OLED_IIC.elf.dir/Drivers/STM32H7xx_HAL_Driver/Src/stm32h7xx_hal_uart.c.obj
                0x0000000008008c58                UARTPrescTable
 .rodata.denominator.0
                0x0000000008008c70        0x8 CMakeFiles/OLED_IIC.elf.dir/Drivers/STM32H7xx_HAL_Driver/Src/stm32h7xx_hal_uart_ex.c.obj
 .rodata.numerator.1
                0x0000000008008c78        0x8 CMakeFiles/OLED_IIC.elf.dir/Drivers/STM32H7xx_HAL_Driver/Src/stm32h7xx_hal_uart_ex.c.obj
 .rodata.OLED_display_on.str1.4
                0x0000000008008c80        0x4 CMakeFiles/OLED_IIC.elf.dir/UserApp/OLED/OLED.c.obj
 .rodata.OLED_display_off.str1.4
                0x0000000008008c84        0x4 CMakeFiles/OLED_IIC.elf.dir/UserApp/OLED/OLED.c.obj
 .rodata.animateStringDemo.str1.4
                0x0000000008008c88        0x9 CMakeFiles/OLED_IIC.elf.dir/UserApp/OLED/OLED.c.obj
 *fill*         0x0000000008008c91        0x3 
 .rodata.asc2_1206
                0x0000000008008c94      0x474 CMakeFiles/OLED_IIC.elf.dir/UserApp/OLED/OLED.c.obj
                0x0000000008008c94                asc2_1206
 .rodata.npio2_hw
                0x0000000008009108       0x80 /usr/local/arm/gcc-arm-10.3-2021.07-x86_64-arm-none-eabi/bin/../lib/gcc/arm-none-eabi/10.3.1/../../../../arm-none-eabi/lib/thumb/v7e-m+fp/hard/libm.a(lib_a-e_rem_pio2.o)
 .rodata.two_over_pi
                0x0000000008009188      0x108 /usr/local/arm/gcc-arm-10.3-2021.07-x86_64-arm-none-eabi/bin/../lib/gcc/arm-none-eabi/10.3.1/../../../../arm-none-eabi/lib/thumb/v7e-m+fp/hard/libm.a(lib_a-e_rem_pio2.o)
 .rodata.PIo2   0x0000000008009290       0x40 /usr/local/arm/gcc-arm-10.3-2021.07-x86_64-arm-none-eabi/bin/../lib/gcc/arm-none-eabi/10.3.1/../../../../arm-none-eabi/lib/thumb/v7e-m+fp/hard/libm.a(lib_a-k_rem_pio2.o)
 .rodata.init_jk
                0x00000000080092d0       0x10 /usr/local/arm/gcc-arm-10.3-2021.07-x86_64-arm-none-eabi/bin/../lib/gcc/arm-none-eabi/10.3.1/../../../../arm-none-eabi/lib/thumb/v7e-m+fp/hard/libm.a(lib_a-k_rem_pio2.o)
                0x00000000080092e0                . = ALIGN (0x4)

.ARM.extab
 *(.ARM.extab* .gnu.linkonce.armextab.*)

.ARM            0x00000000080092e0        0x8
                0x00000000080092e0                __exidx_start = .
 *(.ARM.exidx*)
 .ARM.exidx.text.__udivmoddi4
                0x00000000080092e0        0x8 /usr/local/arm/gcc-arm-10.3-2021.07-x86_64-arm-none-eabi/bin/../lib/gcc/arm-none-eabi/10.3.1/thumb/v7e-m+fp/hard/libgcc.a(_udivmoddi4.o)
                0x00000000080092e8                __exidx_end = .

.rel.dyn        0x00000000080092e8        0x0
 .rel.iplt      0x00000000080092e8        0x0 /usr/local/arm/gcc-arm-10.3-2021.07-x86_64-arm-none-eabi/bin/../lib/gcc/arm-none-eabi/10.3.1/thumb/v7e-m+fp/hard/crtbegin.o

.preinit_array  0x00000000080092e8        0x0
                0x00000000080092e8                PROVIDE (__preinit_array_start = .)
 *(.preinit_array*)
                0x00000000080092e8                PROVIDE (__preinit_array_end = .)

.init_array     0x00000000080092e8        0x4
                0x00000000080092e8                PROVIDE (__init_array_start = .)
 *(SORT_BY_NAME(.init_array.*))
 *(.init_array*)
 .init_array    0x00000000080092e8        0x4 /usr/local/arm/gcc-arm-10.3-2021.07-x86_64-arm-none-eabi/bin/../lib/gcc/arm-none-eabi/10.3.1/thumb/v7e-m+fp/hard/crtbegin.o
                0x00000000080092ec                PROVIDE (__init_array_end = .)

.fini_array     0x00000000080092ec        0x4
                0x00000000080092ec                PROVIDE (__fini_array_start = .)
 *(SORT_BY_NAME(.fini_array.*))
 *(.fini_array*)
 .fini_array    0x00000000080092ec        0x4 /usr/local/arm/gcc-arm-10.3-2021.07-x86_64-arm-none-eabi/bin/../lib/gcc/arm-none-eabi/10.3.1/thumb/v7e-m+fp/hard/crtbegin.o
                0x00000000080092f0                PROVIDE (__fini_array_end = .)
                0x00000000080092f0                _sidata = LOADADDR (.data)

.data           0x0000000024000000       0x2c load address 0x00000000080092f0
                0x0000000024000000                . = ALIGN (0x4)
                0x0000000024000000                _sdata = .
 *(.data)
 *(.data*)
 .data.SystemCoreClock
                0x0000000024000000        0x4 CMakeFiles/OLED_IIC.elf.dir/Core/Src/system_stm32h7xx.c.obj
                0x0000000024000000                SystemCoreClock
 .data.SystemD2Clock
                0x0000000024000004        0x4 CMakeFiles/OLED_IIC.elf.dir/Core/Src/system_stm32h7xx.c.obj
                0x0000000024000004                SystemD2Clock
 .data.uwTickFreq
                0x0000000024000008        0x1 CMakeFiles/OLED_IIC.elf.dir/Drivers/STM32H7xx_HAL_Driver/Src/stm32h7xx_hal.c.obj
                0x0000000024000008                uwTickFreq
 *fill*         0x0000000024000009        0x3 
 .data.uwTickPrio
                0x000000002400000c        0x4 CMakeFiles/OLED_IIC.elf.dir/Drivers/STM32H7xx_HAL_Driver/Src/stm32h7xx_hal.c.obj
                0x000000002400000c                uwTickPrio
 .data.OLED_Init_CMD
                0x0000000024000010       0x1c CMakeFiles/OLED_IIC.elf.dir/UserApp/OLED/OLED.c.obj
                0x0000000024000010                OLED_Init_CMD
 *(.RamFunc)
 *(.RamFunc*)
                0x000000002400002c                . = ALIGN (0x4)
                0x000000002400002c                _edata = .

.tm_clone_table
                0x000000002400002c        0x0 load address 0x000000000800931c
 .tm_clone_table
                0x000000002400002c        0x0 /usr/local/arm/gcc-arm-10.3-2021.07-x86_64-arm-none-eabi/bin/../lib/gcc/arm-none-eabi/10.3.1/thumb/v7e-m+fp/hard/crtbegin.o
 .tm_clone_table
                0x000000002400002c        0x0 /usr/local/arm/gcc-arm-10.3-2021.07-x86_64-arm-none-eabi/bin/../lib/gcc/arm-none-eabi/10.3.1/thumb/v7e-m+fp/hard/crtend.o

.igot.plt       0x000000002400002c        0x0 load address 0x000000000800931c
 .igot.plt      0x000000002400002c        0x0 /usr/local/arm/gcc-arm-10.3-2021.07-x86_64-arm-none-eabi/bin/../lib/gcc/arm-none-eabi/10.3.1/thumb/v7e-m+fp/hard/crtbegin.o
                0x000000002400002c                . = ALIGN (0x4)

.bss            0x000000002400002c      0xa1c load address 0x000000000800931c
                0x000000002400002c                _sbss = .
                0x000000002400002c                __bss_start__ = _sbss
 *(.bss)
 *(.bss*)
 .bss.completed.1
                0x000000002400002c        0x1 /usr/local/arm/gcc-arm-10.3-2021.07-x86_64-arm-none-eabi/bin/../lib/gcc/arm-none-eabi/10.3.1/thumb/v7e-m+fp/hard/crtbegin.o
 *fill*         0x000000002400002d        0x3 
 .bss.object.0  0x0000000024000030       0x18 /usr/local/arm/gcc-arm-10.3-2021.07-x86_64-arm-none-eabi/bin/../lib/gcc/arm-none-eabi/10.3.1/thumb/v7e-m+fp/hard/crtbegin.o
 .bss.hdma_i2c1_tx
                0x0000000024000048       0x78 CMakeFiles/OLED_IIC.elf.dir/Core/Src/main.c.obj
                0x0000000024000048                hdma_i2c1_tx
 .bss.hdma_usart1_rx
                0x00000000240000c0       0x78 CMakeFiles/OLED_IIC.elf.dir/Core/Src/main.c.obj
                0x00000000240000c0                hdma_usart1_rx
 .bss.hi2c1     0x0000000024000138       0x54 CMakeFiles/OLED_IIC.elf.dir/Core/Src/main.c.obj
                0x0000000024000138                hi2c1
 .bss.huart1    0x000000002400018c       0x94 CMakeFiles/OLED_IIC.elf.dir/Core/Src/main.c.obj
                0x000000002400018c                huart1
 .bss.uwTick    0x0000000024000220        0x4 CMakeFiles/OLED_IIC.elf.dir/Drivers/STM32H7xx_HAL_Driver/Src/stm32h7xx_hal.c.obj
                0x0000000024000220                uwTick
 .bss.BufFinshFlag
                0x0000000024000224        0x1 CMakeFiles/OLED_IIC.elf.dir/UserApp/OLED/OLED.c.obj
                0x0000000024000224                BufFinshFlag
 .bss.CountFlag
                0x0000000024000225        0x1 CMakeFiles/OLED_IIC.elf.dir/UserApp/OLED/OLED.c.obj
                0x0000000024000225                CountFlag
 *fill*         0x0000000024000226        0x2 
 .bss.OLED_CMDbuf
                0x0000000024000228       0x20 CMakeFiles/OLED_IIC.elf.dir/UserApp/OLED/OLED.c.obj
                0x0000000024000228                OLED_CMDbuf
 .bss.OLED_GRAM
                0x0000000024000248      0x400 CMakeFiles/OLED_IIC.elf.dir/UserApp/OLED/OLED.c.obj
                0x0000000024000248                OLED_GRAM
 .bss.OLED_GRAMbuf
                0x0000000024000648      0x400 CMakeFiles/OLED_IIC.elf.dir/UserApp/OLED/OLED.c.obj
                0x0000000024000648                OLED_GRAMbuf
 *(COMMON)
                0x0000000024000a48                . = ALIGN (0x4)
                0x0000000024000a48                _ebss = .
                0x0000000024000a48                __bss_end__ = _ebss

._user_heap_stack
                0x0000000024000a48      0x600 load address 0x000000000800931c
                0x0000000024000a48                . = ALIGN (0x8)
                [!provide]                        PROVIDE (end = .)
                0x0000000024000a48                PROVIDE (_end = .)
                0x0000000024000c48                . = (. + _Min_Heap_Size)
 *fill*         0x0000000024000a48      0x200 
                0x0000000024001048                . = (. + _Min_Stack_Size)
 *fill*         0x0000000024000c48      0x400 
                0x0000000024001048                . = ALIGN (0x8)

/DISCARD/
 libc.a(*)
 libm.a(*)
 libgcc.a(*)

.ARM.attributes
                0x0000000000000000       0x30
 *(.ARM.attributes)
 .ARM.attributes
                0x0000000000000000       0x1e /usr/local/arm/gcc-arm-10.3-2021.07-x86_64-arm-none-eabi/bin/../lib/gcc/arm-none-eabi/10.3.1/thumb/v7e-m+fp/hard/crti.o
 .ARM.attributes
                0x000000000000001e       0x34 /usr/local/arm/gcc-arm-10.3-2021.07-x86_64-arm-none-eabi/bin/../lib/gcc/arm-none-eabi/10.3.1/thumb/v7e-m+fp/hard/crtbegin.o
 .ARM.attributes
                0x0000000000000052       0x34 CMakeFiles/OLED_IIC.elf.dir/Core/Src/main.c.obj
 .ARM.attributes
                0x0000000000000086       0x34 CMakeFiles/OLED_IIC.elf.dir/Core/Src/stm32h7xx_hal_msp.c.obj
 .ARM.attributes
                0x00000000000000ba       0x34 CMakeFiles/OLED_IIC.elf.dir/Core/Src/stm32h7xx_it.c.obj
 .ARM.attributes
                0x00000000000000ee       0x34 CMakeFiles/OLED_IIC.elf.dir/Core/Src/system_stm32h7xx.c.obj
 .ARM.attributes
                0x0000000000000122       0x21 CMakeFiles/OLED_IIC.elf.dir/Core/Startup/startup_stm32h743vitx.s.obj
 .ARM.attributes
                0x0000000000000143       0x34 CMakeFiles/OLED_IIC.elf.dir/Drivers/STM32H7xx_HAL_Driver/Src/stm32h7xx_hal.c.obj
 .ARM.attributes
                0x0000000000000177       0x34 CMakeFiles/OLED_IIC.elf.dir/Drivers/STM32H7xx_HAL_Driver/Src/stm32h7xx_hal_cortex.c.obj
 .ARM.attributes
                0x00000000000001ab       0x34 CMakeFiles/OLED_IIC.elf.dir/Drivers/STM32H7xx_HAL_Driver/Src/stm32h7xx_hal_dma.c.obj
 .ARM.attributes
                0x00000000000001df       0x34 CMakeFiles/OLED_IIC.elf.dir/Drivers/STM32H7xx_HAL_Driver/Src/stm32h7xx_hal_gpio.c.obj
 .ARM.attributes
                0x0000000000000213       0x34 CMakeFiles/OLED_IIC.elf.dir/Drivers/STM32H7xx_HAL_Driver/Src/stm32h7xx_hal_i2c.c.obj
 .ARM.attributes
                0x0000000000000247       0x34 CMakeFiles/OLED_IIC.elf.dir/Drivers/STM32H7xx_HAL_Driver/Src/stm32h7xx_hal_i2c_ex.c.obj
 .ARM.attributes
                0x000000000000027b       0x34 CMakeFiles/OLED_IIC.elf.dir/Drivers/STM32H7xx_HAL_Driver/Src/stm32h7xx_hal_pwr_ex.c.obj
 .ARM.attributes
                0x00000000000002af       0x34 CMakeFiles/OLED_IIC.elf.dir/Drivers/STM32H7xx_HAL_Driver/Src/stm32h7xx_hal_rcc.c.obj
 .ARM.attributes
                0x00000000000002e3       0x34 CMakeFiles/OLED_IIC.elf.dir/Drivers/STM32H7xx_HAL_Driver/Src/stm32h7xx_hal_rcc_ex.c.obj
 .ARM.attributes
                0x0000000000000317       0x34 CMakeFiles/OLED_IIC.elf.dir/Drivers/STM32H7xx_HAL_Driver/Src/stm32h7xx_hal_uart.c.obj
 .ARM.attributes
                0x000000000000034b       0x34 CMakeFiles/OLED_IIC.elf.dir/Drivers/STM32H7xx_HAL_Driver/Src/stm32h7xx_hal_uart_ex.c.obj
 .ARM.attributes
                0x000000000000037f       0x34 CMakeFiles/OLED_IIC.elf.dir/UserApp/OLED/OLED.c.obj
 .ARM.attributes
                0x00000000000003b3       0x1e /usr/local/arm/gcc-arm-10.3-2021.07-x86_64-arm-none-eabi/bin/../lib/gcc/arm-none-eabi/10.3.1/thumb/v7e-m+fp/hard/libgcc.a(_arm_addsubdf3.o)
 .ARM.attributes
                0x00000000000003d1       0x1e /usr/local/arm/gcc-arm-10.3-2021.07-x86_64-arm-none-eabi/bin/../lib/gcc/arm-none-eabi/10.3.1/thumb/v7e-m+fp/hard/libgcc.a(_arm_muldivdf3.o)
 .ARM.attributes
                0x00000000000003ef       0x1e /usr/local/arm/gcc-arm-10.3-2021.07-x86_64-arm-none-eabi/bin/../lib/gcc/arm-none-eabi/10.3.1/thumb/v7e-m+fp/hard/libgcc.a(_arm_fixdfsi.o)
 .ARM.attributes
                0x000000000000040d       0x1e /usr/local/arm/gcc-arm-10.3-2021.07-x86_64-arm-none-eabi/bin/../lib/gcc/arm-none-eabi/10.3.1/thumb/v7e-m+fp/hard/libgcc.a(_arm_truncdfsf2.o)
 .ARM.attributes
                0x000000000000042b       0x1e /usr/local/arm/gcc-arm-10.3-2021.07-x86_64-arm-none-eabi/bin/../lib/gcc/arm-none-eabi/10.3.1/thumb/v7e-m+fp/hard/libgcc.a(_aeabi_uldivmod.o)
 .ARM.attributes
                0x0000000000000449       0x34 /usr/local/arm/gcc-arm-10.3-2021.07-x86_64-arm-none-eabi/bin/../lib/gcc/arm-none-eabi/10.3.1/thumb/v7e-m+fp/hard/libgcc.a(_udivmoddi4.o)
 .ARM.attributes
                0x000000000000047d       0x1e /usr/local/arm/gcc-arm-10.3-2021.07-x86_64-arm-none-eabi/bin/../lib/gcc/arm-none-eabi/10.3.1/thumb/v7e-m+fp/hard/libgcc.a(_dvmd_tls.o)
 .ARM.attributes
                0x000000000000049b       0x34 /usr/local/arm/gcc-arm-10.3-2021.07-x86_64-arm-none-eabi/bin/../lib/gcc/arm-none-eabi/10.3.1/../../../../arm-none-eabi/lib/thumb/v7e-m+fp/hard/libg.a(lib_a-init.o)
 .ARM.attributes
                0x00000000000004cf       0x34 /usr/local/arm/gcc-arm-10.3-2021.07-x86_64-arm-none-eabi/bin/../lib/gcc/arm-none-eabi/10.3.1/../../../../arm-none-eabi/lib/thumb/v7e-m+fp/hard/libg.a(lib_a-memset.o)
 .ARM.attributes
                0x0000000000000503       0x1c /usr/local/arm/gcc-arm-10.3-2021.07-x86_64-arm-none-eabi/bin/../lib/gcc/arm-none-eabi/10.3.1/../../../../arm-none-eabi/lib/thumb/v7e-m+fp/hard/libg.a(lib_a-strlen.o)
 .ARM.attributes
                0x000000000000051f       0x1e /usr/local/arm/gcc-arm-10.3-2021.07-x86_64-arm-none-eabi/bin/../lib/gcc/arm-none-eabi/10.3.1/thumb/v7e-m+fp/hard/libgcc.a(_arm_cmpdf2.o)
 .ARM.attributes
                0x000000000000053d       0x32 /usr/local/arm/gcc-arm-10.3-2021.07-x86_64-arm-none-eabi/bin/../lib/gcc/arm-none-eabi/10.3.1/thumb/v7e-m+fp/hard/crtend.o
 .ARM.attributes
                0x000000000000056f       0x1e /usr/local/arm/gcc-arm-10.3-2021.07-x86_64-arm-none-eabi/bin/../lib/gcc/arm-none-eabi/10.3.1/thumb/v7e-m+fp/hard/crtn.o
OUTPUT(OLED_IIC.elf elf32-littlearm)
LOAD linker stubs
LOAD /usr/local/arm/gcc-arm-10.3-2021.07-x86_64-arm-none-eabi/bin/../lib/gcc/arm-none-eabi/10.3.1/../../../../arm-none-eabi/lib/thumb/v7e-m+fp/hard/libc.a
LOAD /usr/local/arm/gcc-arm-10.3-2021.07-x86_64-arm-none-eabi/bin/../lib/gcc/arm-none-eabi/10.3.1/../../../../arm-none-eabi/lib/thumb/v7e-m+fp/hard/libm.a
LOAD /usr/local/arm/gcc-arm-10.3-2021.07-x86_64-arm-none-eabi/bin/../lib/gcc/arm-none-eabi/10.3.1/thumb/v7e-m+fp/hard/libgcc.a

.comment        0x0000000000000000       0x5d
 .comment       0x0000000000000000       0x5d /usr/local/arm/gcc-arm-10.3-2021.07-x86_64-arm-none-eabi/bin/../lib/gcc/arm-none-eabi/10.3.1/thumb/v7e-m+fp/hard/crtbegin.o
                                         0x5e (size before relaxing)
 .comment       0x000000000000005d       0x5e CMakeFiles/OLED_IIC.elf.dir/Core/Src/main.c.obj
 .comment       0x000000000000005d       0x5e CMakeFiles/OLED_IIC.elf.dir/Core/Src/stm32h7xx_hal_msp.c.obj
 .comment       0x000000000000005d       0x5e CMakeFiles/OLED_IIC.elf.dir/Core/Src/stm32h7xx_it.c.obj
 .comment       0x000000000000005d       0x5e CMakeFiles/OLED_IIC.elf.dir/Core/Src/system_stm32h7xx.c.obj
 .comment       0x000000000000005d       0x5e CMakeFiles/OLED_IIC.elf.dir/Drivers/STM32H7xx_HAL_Driver/Src/stm32h7xx_hal.c.obj
 .comment       0x000000000000005d       0x5e CMakeFiles/OLED_IIC.elf.dir/Drivers/STM32H7xx_HAL_Driver/Src/stm32h7xx_hal_cortex.c.obj
 .comment       0x000000000000005d       0x5e CMakeFiles/OLED_IIC.elf.dir/Drivers/STM32H7xx_HAL_Driver/Src/stm32h7xx_hal_dma.c.obj
 .comment       0x000000000000005d       0x5e CMakeFiles/OLED_IIC.elf.dir/Drivers/STM32H7xx_HAL_Driver/Src/stm32h7xx_hal_gpio.c.obj
 .comment       0x000000000000005d       0x5e CMakeFiles/OLED_IIC.elf.dir/Drivers/STM32H7xx_HAL_Driver/Src/stm32h7xx_hal_i2c.c.obj
 .comment       0x000000000000005d       0x5e CMakeFiles/OLED_IIC.elf.dir/Drivers/STM32H7xx_HAL_Driver/Src/stm32h7xx_hal_i2c_ex.c.obj
 .comment       0x000000000000005d       0x5e CMakeFiles/OLED_IIC.elf.dir/Drivers/STM32H7xx_HAL_Driver/Src/stm32h7xx_hal_pwr_ex.c.obj
 .comment       0x000000000000005d       0x5e CMakeFiles/OLED_IIC.elf.dir/Drivers/STM32H7xx_HAL_Driver/Src/stm32h7xx_hal_rcc.c.obj
 .comment       0x000000000000005d       0x5e CMakeFiles/OLED_IIC.elf.dir/Drivers/STM32H7xx_HAL_Driver/Src/stm32h7xx_hal_rcc_ex.c.obj
 .comment       0x000000000000005d       0x5e CMakeFiles/OLED_IIC.elf.dir/Drivers/STM32H7xx_HAL_Driver/Src/stm32h7xx_hal_uart.c.obj
 .comment       0x000000000000005d       0x5e CMakeFiles/OLED_IIC.elf.dir/Drivers/STM32H7xx_HAL_Driver/Src/stm32h7xx_hal_uart_ex.c.obj
 .comment       0x000000000000005d       0x5e CMakeFiles/OLED_IIC.elf.dir/UserApp/OLED/OLED.c.obj
 .comment       0x000000000000005d       0x5e /usr/local/arm/gcc-arm-10.3-2021.07-x86_64-arm-none-eabi/bin/../lib/gcc/arm-none-eabi/10.3.1/thumb/v7e-m+fp/hard/libgcc.a(_udivmoddi4.o)
 .comment       0x000000000000005d       0x5e /usr/local/arm/gcc-arm-10.3-2021.07-x86_64-arm-none-eabi/bin/../lib/gcc/arm-none-eabi/10.3.1/../../../../arm-none-eabi/lib/thumb/v7e-m+fp/hard/libg.a(lib_a-init.o)
 .comment       0x000000000000005d       0x5e /usr/local/arm/gcc-arm-10.3-2021.07-x86_64-arm-none-eabi/bin/../lib/gcc/arm-none-eabi/10.3.1/../../../../arm-none-eabi/lib/thumb/v7e-m+fp/hard/libg.a(lib_a-memset.o)
 .comment       0x000000000000005d       0x5e /usr/local/arm/gcc-arm-10.3-2021.07-x86_64-arm-none-eabi/bin/../lib/gcc/arm-none-eabi/10.3.1/thumb/v7e-m+fp/hard/crtend.o

.debug_info     0x0000000000000000    0x1c6f2
 .debug_info    0x0000000000000000     0x1e0e CMakeFiles/OLED_IIC.elf.dir/Core/Src/main.c.obj
 .debug_info    0x0000000000001e0e     0x1a01 CMakeFiles/OLED_IIC.elf.dir/Core/Src/stm32h7xx_hal_msp.c.obj
 .debug_info    0x000000000000380f      0x87a CMakeFiles/OLED_IIC.elf.dir/Core/Src/stm32h7xx_it.c.obj
 .debug_info    0x0000000000004089      0xd30 CMakeFiles/OLED_IIC.elf.dir/Core/Src/system_stm32h7xx.c.obj
 .debug_info    0x0000000000004db9       0x22 CMakeFiles/OLED_IIC.elf.dir/Core/Startup/startup_stm32h743vitx.s.obj
 .debug_info    0x0000000000004ddb     0x16a0 CMakeFiles/OLED_IIC.elf.dir/Drivers/STM32H7xx_HAL_Driver/Src/stm32h7xx_hal.c.obj
 .debug_info    0x000000000000647b     0x13ea CMakeFiles/OLED_IIC.elf.dir/Drivers/STM32H7xx_HAL_Driver/Src/stm32h7xx_hal_cortex.c.obj
 .debug_info    0x0000000000007865      0xfeb CMakeFiles/OLED_IIC.elf.dir/Drivers/STM32H7xx_HAL_Driver/Src/stm32h7xx_hal_dma.c.obj
 .debug_info    0x0000000000008850      0xd66 CMakeFiles/OLED_IIC.elf.dir/Drivers/STM32H7xx_HAL_Driver/Src/stm32h7xx_hal_gpio.c.obj
 .debug_info    0x00000000000095b6     0x440a CMakeFiles/OLED_IIC.elf.dir/Drivers/STM32H7xx_HAL_Driver/Src/stm32h7xx_hal_i2c.c.obj
 .debug_info    0x000000000000d9c0      0xe70 CMakeFiles/OLED_IIC.elf.dir/Drivers/STM32H7xx_HAL_Driver/Src/stm32h7xx_hal_i2c_ex.c.obj
 .debug_info    0x000000000000e830     0x122e CMakeFiles/OLED_IIC.elf.dir/Drivers/STM32H7xx_HAL_Driver/Src/stm32h7xx_hal_pwr_ex.c.obj
 .debug_info    0x000000000000fa5e     0x1230 CMakeFiles/OLED_IIC.elf.dir/Drivers/STM32H7xx_HAL_Driver/Src/stm32h7xx_hal_rcc.c.obj
 .debug_info    0x0000000000010c8e     0x1aca CMakeFiles/OLED_IIC.elf.dir/Drivers/STM32H7xx_HAL_Driver/Src/stm32h7xx_hal_rcc_ex.c.obj
 .debug_info    0x0000000000012758     0x674e CMakeFiles/OLED_IIC.elf.dir/Drivers/STM32H7xx_HAL_Driver/Src/stm32h7xx_hal_uart.c.obj
 .debug_info    0x0000000000018ea6     0x124f CMakeFiles/OLED_IIC.elf.dir/Drivers/STM32H7xx_HAL_Driver/Src/stm32h7xx_hal_uart_ex.c.obj
 .debug_info    0x000000000001a0f5     0x1b65 CMakeFiles/OLED_IIC.elf.dir/UserApp/OLED/OLED.c.obj
 .debug_info    0x000000000001bc5a       0x26 /usr/local/arm/gcc-arm-10.3-2021.07-x86_64-arm-none-eabi/bin/../lib/gcc/arm-none-eabi/10.3.1/thumb/v7e-m+fp/hard/libgcc.a(_arm_addsubdf3.o)
 .debug_info    0x000000000001bc80       0x26 /usr/local/arm/gcc-arm-10.3-2021.07-x86_64-arm-none-eabi/bin/../lib/gcc/arm-none-eabi/10.3.1/thumb/v7e-m+fp/hard/libgcc.a(_arm_muldivdf3.o)
 .debug_info    0x000000000001bca6       0x26 /usr/local/arm/gcc-arm-10.3-2021.07-x86_64-arm-none-eabi/bin/../lib/gcc/arm-none-eabi/10.3.1/thumb/v7e-m+fp/hard/libgcc.a(_arm_fixdfsi.o)
 .debug_info    0x000000000001bccc       0x26 /usr/local/arm/gcc-arm-10.3-2021.07-x86_64-arm-none-eabi/bin/../lib/gcc/arm-none-eabi/10.3.1/thumb/v7e-m+fp/hard/libgcc.a(_arm_truncdfsf2.o)
 .debug_info    0x000000000001bcf2       0x26 /usr/local/arm/gcc-arm-10.3-2021.07-x86_64-arm-none-eabi/bin/../lib/gcc/arm-none-eabi/10.3.1/thumb/v7e-m+fp/hard/libgcc.a(_aeabi_uldivmod.o)
 .debug_info    0x000000000001bd18      0x717 /usr/local/arm/gcc-arm-10.3-2021.07-x86_64-arm-none-eabi/bin/../lib/gcc/arm-none-eabi/10.3.1/thumb/v7e-m+fp/hard/libgcc.a(_udivmoddi4.o)
 .debug_info    0x000000000001c42f       0x26 /usr/local/arm/gcc-arm-10.3-2021.07-x86_64-arm-none-eabi/bin/../lib/gcc/arm-none-eabi/10.3.1/thumb/v7e-m+fp/hard/libgcc.a(_dvmd_tls.o)
 .debug_info    0x000000000001c455      0x11a /usr/local/arm/gcc-arm-10.3-2021.07-x86_64-arm-none-eabi/bin/../lib/gcc/arm-none-eabi/10.3.1/../../../../arm-none-eabi/lib/thumb/v7e-m+fp/hard/libg.a(lib_a-init.o)
 .debug_info    0x000000000001c56f      0x137 /usr/local/arm/gcc-arm-10.3-2021.07-x86_64-arm-none-eabi/bin/../lib/gcc/arm-none-eabi/10.3.1/../../../../arm-none-eabi/lib/thumb/v7e-m+fp/hard/libg.a(lib_a-memset.o)
 .debug_info    0x000000000001c6a6       0x26 /usr/local/arm/gcc-arm-10.3-2021.07-x86_64-arm-none-eabi/bin/../lib/gcc/arm-none-eabi/10.3.1/../../../../arm-none-eabi/lib/thumb/v7e-m+fp/hard/libg.a(lib_a-strlen.o)
 .debug_info    0x000000000001c6cc       0x26 /usr/local/arm/gcc-arm-10.3-2021.07-x86_64-arm-none-eabi/bin/../lib/gcc/arm-none-eabi/10.3.1/thumb/v7e-m+fp/hard/libgcc.a(_arm_cmpdf2.o)

.debug_abbrev   0x0000000000000000     0x2b69
 .debug_abbrev  0x0000000000000000      0x2d5 CMakeFiles/OLED_IIC.elf.dir/Core/Src/main.c.obj
 .debug_abbrev  0x00000000000002d5      0x249 CMakeFiles/OLED_IIC.elf.dir/Core/Src/stm32h7xx_hal_msp.c.obj
 .debug_abbrev  0x000000000000051e      0x15f CMakeFiles/OLED_IIC.elf.dir/Core/Src/stm32h7xx_it.c.obj
 .debug_abbrev  0x000000000000067d      0x14a CMakeFiles/OLED_IIC.elf.dir/Core/Src/system_stm32h7xx.c.obj
 .debug_abbrev  0x00000000000007c7       0x12 CMakeFiles/OLED_IIC.elf.dir/Core/Startup/startup_stm32h743vitx.s.obj
 .debug_abbrev  0x00000000000007d9      0x264 CMakeFiles/OLED_IIC.elf.dir/Drivers/STM32H7xx_HAL_Driver/Src/stm32h7xx_hal.c.obj
 .debug_abbrev  0x0000000000000a3d      0x37d CMakeFiles/OLED_IIC.elf.dir/Drivers/STM32H7xx_HAL_Driver/Src/stm32h7xx_hal_cortex.c.obj
 .debug_abbrev  0x0000000000000dba      0x298 CMakeFiles/OLED_IIC.elf.dir/Drivers/STM32H7xx_HAL_Driver/Src/stm32h7xx_hal_dma.c.obj
 .debug_abbrev  0x0000000000001052      0x239 CMakeFiles/OLED_IIC.elf.dir/Drivers/STM32H7xx_HAL_Driver/Src/stm32h7xx_hal_gpio.c.obj
 .debug_abbrev  0x000000000000128b      0x252 CMakeFiles/OLED_IIC.elf.dir/Drivers/STM32H7xx_HAL_Driver/Src/stm32h7xx_hal_i2c.c.obj
 .debug_abbrev  0x00000000000014dd      0x1e4 CMakeFiles/OLED_IIC.elf.dir/Drivers/STM32H7xx_HAL_Driver/Src/stm32h7xx_hal_i2c_ex.c.obj
 .debug_abbrev  0x00000000000016c1      0x29b CMakeFiles/OLED_IIC.elf.dir/Drivers/STM32H7xx_HAL_Driver/Src/stm32h7xx_hal_pwr_ex.c.obj
 .debug_abbrev  0x000000000000195c      0x27f CMakeFiles/OLED_IIC.elf.dir/Drivers/STM32H7xx_HAL_Driver/Src/stm32h7xx_hal_rcc.c.obj
 .debug_abbrev  0x0000000000001bdb      0x278 CMakeFiles/OLED_IIC.elf.dir/Drivers/STM32H7xx_HAL_Driver/Src/stm32h7xx_hal_rcc_ex.c.obj
 .debug_abbrev  0x0000000000001e53      0x337 CMakeFiles/OLED_IIC.elf.dir/Drivers/STM32H7xx_HAL_Driver/Src/stm32h7xx_hal_uart.c.obj
 .debug_abbrev  0x000000000000218a      0x2e7 CMakeFiles/OLED_IIC.elf.dir/Drivers/STM32H7xx_HAL_Driver/Src/stm32h7xx_hal_uart_ex.c.obj
 .debug_abbrev  0x0000000000002471      0x375 CMakeFiles/OLED_IIC.elf.dir/UserApp/OLED/OLED.c.obj
 .debug_abbrev  0x00000000000027e6       0x14 /usr/local/arm/gcc-arm-10.3-2021.07-x86_64-arm-none-eabi/bin/../lib/gcc/arm-none-eabi/10.3.1/thumb/v7e-m+fp/hard/libgcc.a(_arm_addsubdf3.o)
 .debug_abbrev  0x00000000000027fa       0x14 /usr/local/arm/gcc-arm-10.3-2021.07-x86_64-arm-none-eabi/bin/../lib/gcc/arm-none-eabi/10.3.1/thumb/v7e-m+fp/hard/libgcc.a(_arm_muldivdf3.o)
 .debug_abbrev  0x000000000000280e       0x14 /usr/local/arm/gcc-arm-10.3-2021.07-x86_64-arm-none-eabi/bin/../lib/gcc/arm-none-eabi/10.3.1/thumb/v7e-m+fp/hard/libgcc.a(_arm_fixdfsi.o)
 .debug_abbrev  0x0000000000002822       0x14 /usr/local/arm/gcc-arm-10.3-2021.07-x86_64-arm-none-eabi/bin/../lib/gcc/arm-none-eabi/10.3.1/thumb/v7e-m+fp/hard/libgcc.a(_arm_truncdfsf2.o)
 .debug_abbrev  0x0000000000002836       0x14 /usr/local/arm/gcc-arm-10.3-2021.07-x86_64-arm-none-eabi/bin/../lib/gcc/arm-none-eabi/10.3.1/thumb/v7e-m+fp/hard/libgcc.a(_aeabi_uldivmod.o)
 .debug_abbrev  0x000000000000284a      0x163 /usr/local/arm/gcc-arm-10.3-2021.07-x86_64-arm-none-eabi/bin/../lib/gcc/arm-none-eabi/10.3.1/thumb/v7e-m+fp/hard/libgcc.a(_udivmoddi4.o)
 .debug_abbrev  0x00000000000029ad       0x14 /usr/local/arm/gcc-arm-10.3-2021.07-x86_64-arm-none-eabi/bin/../lib/gcc/arm-none-eabi/10.3.1/thumb/v7e-m+fp/hard/libgcc.a(_dvmd_tls.o)
 .debug_abbrev  0x00000000000029c1       0xcc /usr/local/arm/gcc-arm-10.3-2021.07-x86_64-arm-none-eabi/bin/../lib/gcc/arm-none-eabi/10.3.1/../../../../arm-none-eabi/lib/thumb/v7e-m+fp/hard/libg.a(lib_a-init.o)
 .debug_abbrev  0x0000000000002a8d       0xb4 /usr/local/arm/gcc-arm-10.3-2021.07-x86_64-arm-none-eabi/bin/../lib/gcc/arm-none-eabi/10.3.1/../../../../arm-none-eabi/lib/thumb/v7e-m+fp/hard/libg.a(lib_a-memset.o)
 .debug_abbrev  0x0000000000002b41       0x14 /usr/local/arm/gcc-arm-10.3-2021.07-x86_64-arm-none-eabi/bin/../lib/gcc/arm-none-eabi/10.3.1/../../../../arm-none-eabi/lib/thumb/v7e-m+fp/hard/libg.a(lib_a-strlen.o)
 .debug_abbrev  0x0000000000002b55       0x14 /usr/local/arm/gcc-arm-10.3-2021.07-x86_64-arm-none-eabi/bin/../lib/gcc/arm-none-eabi/10.3.1/thumb/v7e-m+fp/hard/libgcc.a(_arm_cmpdf2.o)

.debug_aranges  0x0000000000000000      0xf80
 .debug_aranges
                0x0000000000000000       0x50 CMakeFiles/OLED_IIC.elf.dir/Core/Src/main.c.obj
 .debug_aranges
                0x0000000000000050       0x40 CMakeFiles/OLED_IIC.elf.dir/Core/Src/stm32h7xx_hal_msp.c.obj
 .debug_aranges
                0x0000000000000090       0x78 CMakeFiles/OLED_IIC.elf.dir/Core/Src/stm32h7xx_it.c.obj
 .debug_aranges
                0x0000000000000108       0x28 CMakeFiles/OLED_IIC.elf.dir/Core/Src/system_stm32h7xx.c.obj
 .debug_aranges
                0x0000000000000130       0x28 CMakeFiles/OLED_IIC.elf.dir/Core/Startup/startup_stm32h743vitx.s.obj
 .debug_aranges
                0x0000000000000158      0x198 CMakeFiles/OLED_IIC.elf.dir/Drivers/STM32H7xx_HAL_Driver/Src/stm32h7xx_hal.c.obj
 .debug_aranges
                0x00000000000002f0       0xb0 CMakeFiles/OLED_IIC.elf.dir/Drivers/STM32H7xx_HAL_Driver/Src/stm32h7xx_hal_cortex.c.obj
 .debug_aranges
                0x00000000000003a0       0xa0 CMakeFiles/OLED_IIC.elf.dir/Drivers/STM32H7xx_HAL_Driver/Src/stm32h7xx_hal_dma.c.obj
 .debug_aranges
                0x0000000000000440       0x58 CMakeFiles/OLED_IIC.elf.dir/Drivers/STM32H7xx_HAL_Driver/Src/stm32h7xx_hal_gpio.c.obj
 .debug_aranges
                0x0000000000000498      0x2a0 CMakeFiles/OLED_IIC.elf.dir/Drivers/STM32H7xx_HAL_Driver/Src/stm32h7xx_hal_i2c.c.obj
 .debug_aranges
                0x0000000000000738       0x48 CMakeFiles/OLED_IIC.elf.dir/Drivers/STM32H7xx_HAL_Driver/Src/stm32h7xx_hal_i2c_ex.c.obj
 .debug_aranges
                0x0000000000000780      0x158 CMakeFiles/OLED_IIC.elf.dir/Drivers/STM32H7xx_HAL_Driver/Src/stm32h7xx_hal_pwr_ex.c.obj
 .debug_aranges
                0x00000000000008d8       0x88 CMakeFiles/OLED_IIC.elf.dir/Drivers/STM32H7xx_HAL_Driver/Src/stm32h7xx_hal_rcc.c.obj
 .debug_aranges
                0x0000000000000960       0xf8 CMakeFiles/OLED_IIC.elf.dir/Drivers/STM32H7xx_HAL_Driver/Src/stm32h7xx_hal_rcc_ex.c.obj
 .debug_aranges
                0x0000000000000a58      0x248 CMakeFiles/OLED_IIC.elf.dir/Drivers/STM32H7xx_HAL_Driver/Src/stm32h7xx_hal_uart.c.obj
 .debug_aranges
                0x0000000000000ca0       0xa8 CMakeFiles/OLED_IIC.elf.dir/Drivers/STM32H7xx_HAL_Driver/Src/stm32h7xx_hal_uart_ex.c.obj
 .debug_aranges
                0x0000000000000d48       0xd8 CMakeFiles/OLED_IIC.elf.dir/UserApp/OLED/OLED.c.obj
 .debug_aranges
                0x0000000000000e20       0x20 /usr/local/arm/gcc-arm-10.3-2021.07-x86_64-arm-none-eabi/bin/../lib/gcc/arm-none-eabi/10.3.1/thumb/v7e-m+fp/hard/libgcc.a(_arm_addsubdf3.o)
 .debug_aranges
                0x0000000000000e40       0x20 /usr/local/arm/gcc-arm-10.3-2021.07-x86_64-arm-none-eabi/bin/../lib/gcc/arm-none-eabi/10.3.1/thumb/v7e-m+fp/hard/libgcc.a(_arm_muldivdf3.o)
 .debug_aranges
                0x0000000000000e60       0x20 /usr/local/arm/gcc-arm-10.3-2021.07-x86_64-arm-none-eabi/bin/../lib/gcc/arm-none-eabi/10.3.1/thumb/v7e-m+fp/hard/libgcc.a(_arm_fixdfsi.o)
 .debug_aranges
                0x0000000000000e80       0x20 /usr/local/arm/gcc-arm-10.3-2021.07-x86_64-arm-none-eabi/bin/../lib/gcc/arm-none-eabi/10.3.1/thumb/v7e-m+fp/hard/libgcc.a(_arm_truncdfsf2.o)
 .debug_aranges
                0x0000000000000ea0       0x20 /usr/local/arm/gcc-arm-10.3-2021.07-x86_64-arm-none-eabi/bin/../lib/gcc/arm-none-eabi/10.3.1/thumb/v7e-m+fp/hard/libgcc.a(_aeabi_uldivmod.o)
 .debug_aranges
                0x0000000000000ec0       0x20 /usr/local/arm/gcc-arm-10.3-2021.07-x86_64-arm-none-eabi/bin/../lib/gcc/arm-none-eabi/10.3.1/thumb/v7e-m+fp/hard/libgcc.a(_udivmoddi4.o)
 .debug_aranges
                0x0000000000000ee0       0x20 /usr/local/arm/gcc-arm-10.3-2021.07-x86_64-arm-none-eabi/bin/../lib/gcc/arm-none-eabi/10.3.1/thumb/v7e-m+fp/hard/libgcc.a(_dvmd_tls.o)
 .debug_aranges
                0x0000000000000f00       0x20 /usr/local/arm/gcc-arm-10.3-2021.07-x86_64-arm-none-eabi/bin/../lib/gcc/arm-none-eabi/10.3.1/../../../../arm-none-eabi/lib/thumb/v7e-m+fp/hard/libg.a(lib_a-init.o)
 .debug_aranges
                0x0000000000000f20       0x20 /usr/local/arm/gcc-arm-10.3-2021.07-x86_64-arm-none-eabi/bin/../lib/gcc/arm-none-eabi/10.3.1/../../../../arm-none-eabi/lib/thumb/v7e-m+fp/hard/libg.a(lib_a-memset.o)
 .debug_aranges
                0x0000000000000f40       0x20 /usr/local/arm/gcc-arm-10.3-2021.07-x86_64-arm-none-eabi/bin/../lib/gcc/arm-none-eabi/10.3.1/../../../../arm-none-eabi/lib/thumb/v7e-m+fp/hard/libg.a(lib_a-strlen.o)
 .debug_aranges
                0x0000000000000f60       0x20 /usr/local/arm/gcc-arm-10.3-2021.07-x86_64-arm-none-eabi/bin/../lib/gcc/arm-none-eabi/10.3.1/thumb/v7e-m+fp/hard/libgcc.a(_arm_cmpdf2.o)

.debug_ranges   0x0000000000000000      0xf90
 .debug_ranges  0x0000000000000000       0x40 CMakeFiles/OLED_IIC.elf.dir/Core/Src/main.c.obj
 .debug_ranges  0x0000000000000040       0x30 CMakeFiles/OLED_IIC.elf.dir/Core/Src/stm32h7xx_hal_msp.c.obj
 .debug_ranges  0x0000000000000070       0x68 CMakeFiles/OLED_IIC.elf.dir/Core/Src/stm32h7xx_it.c.obj
 .debug_ranges  0x00000000000000d8       0x18 CMakeFiles/OLED_IIC.elf.dir/Core/Src/system_stm32h7xx.c.obj
 .debug_ranges  0x00000000000000f0       0x20 CMakeFiles/OLED_IIC.elf.dir/Core/Startup/startup_stm32h743vitx.s.obj
 .debug_ranges  0x0000000000000110      0x188 CMakeFiles/OLED_IIC.elf.dir/Drivers/STM32H7xx_HAL_Driver/Src/stm32h7xx_hal.c.obj
 .debug_ranges  0x0000000000000298      0x100 CMakeFiles/OLED_IIC.elf.dir/Drivers/STM32H7xx_HAL_Driver/Src/stm32h7xx_hal_cortex.c.obj
 .debug_ranges  0x0000000000000398       0xa8 CMakeFiles/OLED_IIC.elf.dir/Drivers/STM32H7xx_HAL_Driver/Src/stm32h7xx_hal_dma.c.obj
 .debug_ranges  0x0000000000000440       0x48 CMakeFiles/OLED_IIC.elf.dir/Drivers/STM32H7xx_HAL_Driver/Src/stm32h7xx_hal_gpio.c.obj
 .debug_ranges  0x0000000000000488      0x290 CMakeFiles/OLED_IIC.elf.dir/Drivers/STM32H7xx_HAL_Driver/Src/stm32h7xx_hal_i2c.c.obj
 .debug_ranges  0x0000000000000718       0x38 CMakeFiles/OLED_IIC.elf.dir/Drivers/STM32H7xx_HAL_Driver/Src/stm32h7xx_hal_i2c_ex.c.obj
 .debug_ranges  0x0000000000000750      0x1a8 CMakeFiles/OLED_IIC.elf.dir/Drivers/STM32H7xx_HAL_Driver/Src/stm32h7xx_hal_pwr_ex.c.obj
 .debug_ranges  0x00000000000008f8       0xe8 CMakeFiles/OLED_IIC.elf.dir/Drivers/STM32H7xx_HAL_Driver/Src/stm32h7xx_hal_rcc.c.obj
 .debug_ranges  0x00000000000009e0       0xe8 CMakeFiles/OLED_IIC.elf.dir/Drivers/STM32H7xx_HAL_Driver/Src/stm32h7xx_hal_rcc_ex.c.obj
 .debug_ranges  0x0000000000000ac8      0x238 CMakeFiles/OLED_IIC.elf.dir/Drivers/STM32H7xx_HAL_Driver/Src/stm32h7xx_hal_uart.c.obj
 .debug_ranges  0x0000000000000d00       0x98 CMakeFiles/OLED_IIC.elf.dir/Drivers/STM32H7xx_HAL_Driver/Src/stm32h7xx_hal_uart_ex.c.obj
 .debug_ranges  0x0000000000000d98       0xe0 CMakeFiles/OLED_IIC.elf.dir/UserApp/OLED/OLED.c.obj
 .debug_ranges  0x0000000000000e78       0xf8 /usr/local/arm/gcc-arm-10.3-2021.07-x86_64-arm-none-eabi/bin/../lib/gcc/arm-none-eabi/10.3.1/thumb/v7e-m+fp/hard/libgcc.a(_udivmoddi4.o)
 .debug_ranges  0x0000000000000f70       0x10 /usr/local/arm/gcc-arm-10.3-2021.07-x86_64-arm-none-eabi/bin/../lib/gcc/arm-none-eabi/10.3.1/../../../../arm-none-eabi/lib/thumb/v7e-m+fp/hard/libg.a(lib_a-init.o)
 .debug_ranges  0x0000000000000f80       0x10 /usr/local/arm/gcc-arm-10.3-2021.07-x86_64-arm-none-eabi/bin/../lib/gcc/arm-none-eabi/10.3.1/../../../../arm-none-eabi/lib/thumb/v7e-m+fp/hard/libg.a(lib_a-memset.o)

.debug_line     0x0000000000000000    0x17ab3
 .debug_line    0x0000000000000000      0x6e8 CMakeFiles/OLED_IIC.elf.dir/Core/Src/main.c.obj
 .debug_line    0x00000000000006e8      0x517 CMakeFiles/OLED_IIC.elf.dir/Core/Src/stm32h7xx_hal_msp.c.obj
 .debug_line    0x0000000000000bff      0x3a8 CMakeFiles/OLED_IIC.elf.dir/Core/Src/stm32h7xx_it.c.obj
 .debug_line    0x0000000000000fa7      0x4b1 CMakeFiles/OLED_IIC.elf.dir/Core/Src/system_stm32h7xx.c.obj
 .debug_line    0x0000000000001458       0xa7 CMakeFiles/OLED_IIC.elf.dir/Core/Startup/startup_stm32h743vitx.s.obj
 .debug_line    0x00000000000014ff      0x950 CMakeFiles/OLED_IIC.elf.dir/Drivers/STM32H7xx_HAL_Driver/Src/stm32h7xx_hal.c.obj
 .debug_line    0x0000000000001e4f      0x81b CMakeFiles/OLED_IIC.elf.dir/Drivers/STM32H7xx_HAL_Driver/Src/stm32h7xx_hal_cortex.c.obj
 .debug_line    0x000000000000266a     0x24a9 CMakeFiles/OLED_IIC.elf.dir/Drivers/STM32H7xx_HAL_Driver/Src/stm32h7xx_hal_dma.c.obj
 .debug_line    0x0000000000004b13      0x725 CMakeFiles/OLED_IIC.elf.dir/Drivers/STM32H7xx_HAL_Driver/Src/stm32h7xx_hal_gpio.c.obj
 .debug_line    0x0000000000005238     0x51b1 CMakeFiles/OLED_IIC.elf.dir/Drivers/STM32H7xx_HAL_Driver/Src/stm32h7xx_hal_i2c.c.obj
 .debug_line    0x000000000000a3e9      0x527 CMakeFiles/OLED_IIC.elf.dir/Drivers/STM32H7xx_HAL_Driver/Src/stm32h7xx_hal_i2c_ex.c.obj
 .debug_line    0x000000000000a910      0xb10 CMakeFiles/OLED_IIC.elf.dir/Drivers/STM32H7xx_HAL_Driver/Src/stm32h7xx_hal_pwr_ex.c.obj
 .debug_line    0x000000000000b420     0x1327 CMakeFiles/OLED_IIC.elf.dir/Drivers/STM32H7xx_HAL_Driver/Src/stm32h7xx_hal_rcc.c.obj
 .debug_line    0x000000000000c747     0x2019 CMakeFiles/OLED_IIC.elf.dir/Drivers/STM32H7xx_HAL_Driver/Src/stm32h7xx_hal_rcc_ex.c.obj
 .debug_line    0x000000000000e760     0x6747 CMakeFiles/OLED_IIC.elf.dir/Drivers/STM32H7xx_HAL_Driver/Src/stm32h7xx_hal_uart.c.obj
 .debug_line    0x0000000000014ea7      0xd00 CMakeFiles/OLED_IIC.elf.dir/Drivers/STM32H7xx_HAL_Driver/Src/stm32h7xx_hal_uart_ex.c.obj
 .debug_line    0x0000000000015ba7      0xe15 CMakeFiles/OLED_IIC.elf.dir/UserApp/OLED/OLED.c.obj
 .debug_line    0x00000000000169bc      0x1a9 /usr/local/arm/gcc-arm-10.3-2021.07-x86_64-arm-none-eabi/bin/../lib/gcc/arm-none-eabi/10.3.1/thumb/v7e-m+fp/hard/libgcc.a(_arm_addsubdf3.o)
 .debug_line    0x0000000000016b65      0x1be /usr/local/arm/gcc-arm-10.3-2021.07-x86_64-arm-none-eabi/bin/../lib/gcc/arm-none-eabi/10.3.1/thumb/v7e-m+fp/hard/libgcc.a(_arm_muldivdf3.o)
 .debug_line    0x0000000000016d23       0x9c /usr/local/arm/gcc-arm-10.3-2021.07-x86_64-arm-none-eabi/bin/../lib/gcc/arm-none-eabi/10.3.1/thumb/v7e-m+fp/hard/libgcc.a(_arm_fixdfsi.o)
 .debug_line    0x0000000000016dbf       0xb0 /usr/local/arm/gcc-arm-10.3-2021.07-x86_64-arm-none-eabi/bin/../lib/gcc/arm-none-eabi/10.3.1/thumb/v7e-m+fp/hard/libgcc.a(_arm_truncdfsf2.o)
 .debug_line    0x0000000000016e6f       0x83 /usr/local/arm/gcc-arm-10.3-2021.07-x86_64-arm-none-eabi/bin/../lib/gcc/arm-none-eabi/10.3.1/thumb/v7e-m+fp/hard/libgcc.a(_aeabi_uldivmod.o)
 .debug_line    0x0000000000016ef2      0x5d1 /usr/local/arm/gcc-arm-10.3-2021.07-x86_64-arm-none-eabi/bin/../lib/gcc/arm-none-eabi/10.3.1/thumb/v7e-m+fp/hard/libgcc.a(_udivmoddi4.o)
 .debug_line    0x00000000000174c3       0x83 /usr/local/arm/gcc-arm-10.3-2021.07-x86_64-arm-none-eabi/bin/../lib/gcc/arm-none-eabi/10.3.1/thumb/v7e-m+fp/hard/libgcc.a(_dvmd_tls.o)
 .debug_line    0x0000000000017546      0x18b /usr/local/arm/gcc-arm-10.3-2021.07-x86_64-arm-none-eabi/bin/../lib/gcc/arm-none-eabi/10.3.1/../../../../arm-none-eabi/lib/thumb/v7e-m+fp/hard/libg.a(lib_a-init.o)
 .debug_line    0x00000000000176d1      0x22f /usr/local/arm/gcc-arm-10.3-2021.07-x86_64-arm-none-eabi/bin/../lib/gcc/arm-none-eabi/10.3.1/../../../../arm-none-eabi/lib/thumb/v7e-m+fp/hard/libg.a(lib_a-memset.o)
 .debug_line    0x0000000000017900       0xd3 /usr/local/arm/gcc-arm-10.3-2021.07-x86_64-arm-none-eabi/bin/../lib/gcc/arm-none-eabi/10.3.1/../../../../arm-none-eabi/lib/thumb/v7e-m+fp/hard/libg.a(lib_a-strlen.o)
 .debug_line    0x00000000000179d3       0xe0 /usr/local/arm/gcc-arm-10.3-2021.07-x86_64-arm-none-eabi/bin/../lib/gcc/arm-none-eabi/10.3.1/thumb/v7e-m+fp/hard/libgcc.a(_arm_cmpdf2.o)

.debug_str      0x0000000000000000     0x6150
 .debug_str     0x0000000000000000     0x187a CMakeFiles/OLED_IIC.elf.dir/Core/Src/main.c.obj
                                       0x19b8 (size before relaxing)
 .debug_str     0x000000000000187a      0x44f CMakeFiles/OLED_IIC.elf.dir/Core/Src/stm32h7xx_hal_msp.c.obj
                                       0x19cd (size before relaxing)
 .debug_str     0x0000000000001cc9      0x142 CMakeFiles/OLED_IIC.elf.dir/Core/Src/stm32h7xx_it.c.obj
                                        0x93c (size before relaxing)
 .debug_str     0x0000000000001e0b      0x363 CMakeFiles/OLED_IIC.elf.dir/Core/Src/system_stm32h7xx.c.obj
                                        0x76c (size before relaxing)
 .debug_str     0x000000000000216e       0x55 CMakeFiles/OLED_IIC.elf.dir/Core/Startup/startup_stm32h743vitx.s.obj
                                         0x89 (size before relaxing)
 .debug_str     0x00000000000021c3      0x741 CMakeFiles/OLED_IIC.elf.dir/Drivers/STM32H7xx_HAL_Driver/Src/stm32h7xx_hal.c.obj
                                       0x14ed (size before relaxing)
 .debug_str     0x0000000000002904      0x45c CMakeFiles/OLED_IIC.elf.dir/Drivers/STM32H7xx_HAL_Driver/Src/stm32h7xx_hal_cortex.c.obj
                                       0x1085 (size before relaxing)
 .debug_str     0x0000000000002d60      0x3d2 CMakeFiles/OLED_IIC.elf.dir/Drivers/STM32H7xx_HAL_Driver/Src/stm32h7xx_hal_dma.c.obj
                                        0xa08 (size before relaxing)
 .debug_str     0x0000000000003132       0xf4 CMakeFiles/OLED_IIC.elf.dir/Drivers/STM32H7xx_HAL_Driver/Src/stm32h7xx_hal_gpio.c.obj
                                        0x711 (size before relaxing)
 .debug_str     0x0000000000003226      0x8b1 CMakeFiles/OLED_IIC.elf.dir/Drivers/STM32H7xx_HAL_Driver/Src/stm32h7xx_hal_i2c.c.obj
                                       0x11c6 (size before relaxing)
 .debug_str     0x0000000000003ad7       0xd7 CMakeFiles/OLED_IIC.elf.dir/Drivers/STM32H7xx_HAL_Driver/Src/stm32h7xx_hal_i2c_ex.c.obj
                                        0xb92 (size before relaxing)
 .debug_str     0x0000000000003bae      0x573 CMakeFiles/OLED_IIC.elf.dir/Drivers/STM32H7xx_HAL_Driver/Src/stm32h7xx_hal_pwr_ex.c.obj
                                        0xa86 (size before relaxing)
 .debug_str     0x0000000000004121      0x1b1 CMakeFiles/OLED_IIC.elf.dir/Drivers/STM32H7xx_HAL_Driver/Src/stm32h7xx_hal_rcc.c.obj
                                        0xa57 (size before relaxing)
 .debug_str     0x00000000000042d2      0x5d2 CMakeFiles/OLED_IIC.elf.dir/Drivers/STM32H7xx_HAL_Driver/Src/stm32h7xx_hal_rcc_ex.c.obj
                                        0xf62 (size before relaxing)
 .debug_str     0x00000000000048a4      0x8c1 CMakeFiles/OLED_IIC.elf.dir/Drivers/STM32H7xx_HAL_Driver/Src/stm32h7xx_hal_uart.c.obj
                                       0x14f0 (size before relaxing)
 .debug_str     0x0000000000005165      0x268 CMakeFiles/OLED_IIC.elf.dir/Drivers/STM32H7xx_HAL_Driver/Src/stm32h7xx_hal_uart_ex.c.obj
                                        0xbd9 (size before relaxing)
 .debug_str     0x00000000000053cd      0x2f3 CMakeFiles/OLED_IIC.elf.dir/UserApp/OLED/OLED.c.obj
                                        0xc11 (size before relaxing)
 .debug_str     0x00000000000056c0       0xc7 /usr/local/arm/gcc-arm-10.3-2021.07-x86_64-arm-none-eabi/bin/../lib/gcc/arm-none-eabi/10.3.1/thumb/v7e-m+fp/hard/libgcc.a(_arm_addsubdf3.o)
                                         0xd5 (size before relaxing)
 .debug_str     0x0000000000005787       0xd5 /usr/local/arm/gcc-arm-10.3-2021.07-x86_64-arm-none-eabi/bin/../lib/gcc/arm-none-eabi/10.3.1/thumb/v7e-m+fp/hard/libgcc.a(_arm_muldivdf3.o)
 .debug_str     0x0000000000005787       0xd5 /usr/local/arm/gcc-arm-10.3-2021.07-x86_64-arm-none-eabi/bin/../lib/gcc/arm-none-eabi/10.3.1/thumb/v7e-m+fp/hard/libgcc.a(_arm_fixdfsi.o)
 .debug_str     0x0000000000005787       0xd5 /usr/local/arm/gcc-arm-10.3-2021.07-x86_64-arm-none-eabi/bin/../lib/gcc/arm-none-eabi/10.3.1/thumb/v7e-m+fp/hard/libgcc.a(_arm_truncdfsf2.o)
 .debug_str     0x0000000000005787       0x4f /usr/local/arm/gcc-arm-10.3-2021.07-x86_64-arm-none-eabi/bin/../lib/gcc/arm-none-eabi/10.3.1/thumb/v7e-m+fp/hard/libgcc.a(_aeabi_uldivmod.o)
                                         0xd0 (size before relaxing)
 .debug_str     0x00000000000057d6      0x581 /usr/local/arm/gcc-arm-10.3-2021.07-x86_64-arm-none-eabi/bin/../lib/gcc/arm-none-eabi/10.3.1/thumb/v7e-m+fp/hard/libgcc.a(_udivmoddi4.o)
                                        0x689 (size before relaxing)
 .debug_str     0x0000000000005d57       0x53 /usr/local/arm/gcc-arm-10.3-2021.07-x86_64-arm-none-eabi/bin/../lib/gcc/arm-none-eabi/10.3.1/thumb/v7e-m+fp/hard/libgcc.a(_dvmd_tls.o)
                                         0xd4 (size before relaxing)
 .debug_str     0x0000000000005daa      0x1ca /usr/local/arm/gcc-arm-10.3-2021.07-x86_64-arm-none-eabi/bin/../lib/gcc/arm-none-eabi/10.3.1/../../../../arm-none-eabi/lib/thumb/v7e-m+fp/hard/libg.a(lib_a-init.o)
                                        0x26b (size before relaxing)
 .debug_str     0x0000000000005f74       0xf0 /usr/local/arm/gcc-arm-10.3-2021.07-x86_64-arm-none-eabi/bin/../lib/gcc/arm-none-eabi/10.3.1/../../../../arm-none-eabi/lib/thumb/v7e-m+fp/hard/libg.a(lib_a-memset.o)
                                        0x220 (size before relaxing)
 .debug_str     0x0000000000006064       0xec /usr/local/arm/gcc-arm-10.3-2021.07-x86_64-arm-none-eabi/bin/../lib/gcc/arm-none-eabi/10.3.1/../../../../arm-none-eabi/lib/thumb/v7e-m+fp/hard/libg.a(lib_a-strlen.o)
                                         0xfa (size before relaxing)